Component: Arm Compiler for Embedded 6.22 Tool: armlink [5ee90200]

==============================================================================

Section Cross References

    hal_entry.o(.ARM.exidx.text.hal_entry) refers to hal_entry.o(.text.hal_entry) for [Anonymous Symbol]
    hal_entry.o(.text.R_BSP_WarmStart) refers to common_data.o(.bss.g_ioport_ctrl) for g_ioport_ctrl
    hal_entry.o(.text.R_BSP_WarmStart) refers to pin_data.o(.rodata.g_bsp_pin_cfg) for g_bsp_pin_cfg
    hal_entry.o(.text.R_BSP_WarmStart) refers to r_ioport.o(.text.R_IOPORT_Open) for R_IOPORT_Open
    hal_entry.o(.ARM.exidx.text.R_BSP_WarmStart) refers to hal_entry.o(.text.R_BSP_WarmStart) for [Anonymous Symbol]
    app_create_thread_entry.o(.text.app_create_thread_entry) refers to debug_1.o(.text.debug_init) for debug_init
    app_create_thread_entry.o(.text.app_create_thread_entry) refers to elog_1.o(.text.elog_output) for elog_output
    app_create_thread_entry.o(.text.app_create_thread_entry) refers to app_led_thread.o(.text.app_led_thread_entry) for app_led_thread_entry
    app_create_thread_entry.o(.text.app_create_thread_entry) refers to tasks.o(.text.xTaskCreate) for xTaskCreate
    app_create_thread_entry.o(.text.app_create_thread_entry) refers to tasks.o(.text.vTaskDelete) for vTaskDelete
    app_create_thread_entry.o(.ARM.exidx.text.app_create_thread_entry) refers to app_create_thread_entry.o(.text.app_create_thread_entry) for [Anonymous Symbol]
    bsp_uart_1.o(.text.Debug_UART9_Init) refers to hal_data.o(.bss.g_uart9_ctrl) for g_uart9_ctrl
    bsp_uart_1.o(.text.Debug_UART9_Init) refers to hal_data.o(.rodata.g_uart9_cfg) for g_uart9_cfg
    bsp_uart_1.o(.text.Debug_UART9_Init) refers to r_sci_uart.o(.text.R_SCI_UART_Open) for R_SCI_UART_Open
    bsp_uart_1.o(.text.Debug_UART9_Init) refers to bsp_common.o(.text.__aeabi_assert) for __aeabi_assert
    bsp_uart_1.o(.ARM.exidx.text.Debug_UART9_Init) refers to bsp_uart_1.o(.text.Debug_UART9_Init) for [Anonymous Symbol]
    bsp_uart_1.o(.text.debug_uart9_callback) refers to hal_data.o(.bss.g_uart9_ctrl) for g_uart9_ctrl
    bsp_uart_1.o(.text.debug_uart9_callback) refers to r_sci_uart.o(.text.R_SCI_UART_Write) for R_SCI_UART_Write
    bsp_uart_1.o(.text.debug_uart9_callback) refers to bsp_uart_1.o(.bss.uart_send_complete_flag) for uart_send_complete_flag
    bsp_uart_1.o(.ARM.exidx.text.debug_uart9_callback) refers to bsp_uart_1.o(.text.debug_uart9_callback) for [Anonymous Symbol]
    bsp_uart_1.o(.text.fputc) refers to hal_data.o(.bss.g_uart9_ctrl) for g_uart9_ctrl
    bsp_uart_1.o(.text.fputc) refers to r_sci_uart.o(.text.R_SCI_UART_Write) for R_SCI_UART_Write
    bsp_uart_1.o(.ARM.exidx.text.fputc) refers to bsp_uart_1.o(.text.fputc) for [Anonymous Symbol]
    bsp_led_1.o(.text.LED_Init) refers to common_data.o(.rodata.g_ioport) for g_ioport
    bsp_led_1.o(.text.LED_Init) refers to common_data.o(.bss.g_ioport_ctrl) for g_ioport_ctrl
    bsp_led_1.o(.text.LED_Init) refers to r_ioport.o(.text.R_IOPORT_Open) for R_IOPORT_Open
    bsp_led_1.o(.ARM.exidx.text.LED_Init) refers to bsp_led_1.o(.text.LED_Init) for [Anonymous Symbol]
    elog_1.o(.text.elog_init) refers to elog_1.o(.bss.elog) for elog
    elog_1.o(.text.elog_init) refers to elog_port_1.o(.text.elog_port_init) for elog_port_init
    elog_1.o(.text.elog_init) refers to elog_1.o(.text.elog_output_lock_enabled) for elog_output_lock_enabled
    elog_1.o(.text.elog_init) refers to memseta.o(.text) for __aeabi_memclr
    elog_1.o(.ARM.exidx.text.elog_init) refers to elog_1.o(.text.elog_init) for [Anonymous Symbol]
    elog_1.o(.text.elog_output_lock_enabled) refers to elog_1.o(.bss.elog) for elog
    elog_1.o(.text.elog_output_lock_enabled) refers to elog_port_1.o(.text.elog_port_output_lock) for elog_port_output_lock
    elog_1.o(.text.elog_output_lock_enabled) refers to elog_port_1.o(.text.elog_port_output_unlock) for elog_port_output_unlock
    elog_1.o(.ARM.exidx.text.elog_output_lock_enabled) refers to elog_1.o(.text.elog_output_lock_enabled) for [Anonymous Symbol]
    elog_1.o(.text.elog_set_text_color_enabled) refers to elog_1.o(.bss.elog) for elog
    elog_1.o(.ARM.exidx.text.elog_set_text_color_enabled) refers to elog_1.o(.text.elog_set_text_color_enabled) for [Anonymous Symbol]
    elog_1.o(.text.elog_set_filter_lvl) refers to elog_1.o(.bss.elog_assert_hook) for elog_assert_hook
    elog_1.o(.text.elog_set_filter_lvl) refers to elog_1.o(.rodata.str1.1) for .L.str.7
    elog_1.o(.text.elog_set_filter_lvl) refers to elog_1.o(.bss.elog) for elog
    elog_1.o(.text.elog_set_filter_lvl) refers to elog_1.o(.text.elog_output) for elog_output
    elog_1.o(.ARM.exidx.text.elog_set_filter_lvl) refers to elog_1.o(.text.elog_set_filter_lvl) for [Anonymous Symbol]
    elog_1.o(.text.elog_deinit) refers to elog_1.o(.bss.elog) for elog
    elog_1.o(.text.elog_deinit) refers to elog_port_1.o(.text.elog_port_deinit) for elog_port_deinit
[...]
    prvInsertBlockIntoFreeList               0x000023e5   Thumb Code    82  heap_4.o(.text.prvInsertBlockIntoFreeList)
    [Anonymous Symbol]                       0x000023e4   Section        0  heap_4.o(.text.prvInsertBlockIntoFreeList)
    prvTaskExitError                         0x00002439   Thumb Code     6  port.o(.text.prvTaskExitError)
    [Anonymous Symbol]                       0x00002438   Section        0  port.o(.text.prvTaskExitError)
    prvUnlockQueue                           0x00002441   Thumb Code   114  queue.o(.text.prvUnlockQueue)
    [Anonymous Symbol]                       0x00002440   Section        0  queue.o(.text.prvUnlockQueue)
    [Anonymous Symbol]                       0x000024b4   Section        0  heap_4.o(.text.pvPortMalloc)
    [Anonymous Symbol]                       0x00002668   Section        0  tasks.o(.text.pvTaskIncrementMutexHeldCount)
    [Anonymous Symbol]                       0x00002680   Section        0  port.o(.text.pxPortInitialiseStack)
    r_ioport_pins_config                     0x000026a5   Thumb Code   190  r_ioport.o(.text.r_ioport_pins_config)
    [Anonymous Symbol]                       0x000026a4   Section        0  r_ioport.o(.text.r_ioport_pins_config)
    r_sci_uart_call_callback                 0x00002763   Thumb Code    64  r_sci_uart.o(.text.r_sci_uart_call_callback)
    [Anonymous Symbol]                       0x00002762   Section        0  r_sci_uart.o(.text.r_sci_uart_call_callback)
    [Anonymous Symbol]                       0x000027a4   Section        0  port.o(.text.rm_freertos_port_restore_task_stackless)
    _skip_restore_ns_context                 0x000027b8   Number         0  port.o(.text.rm_freertos_port_restore_task_stackless)
    [Anonymous Symbol]                       0x000027c4   Section        0  main.o(.text.rtos_startup_common_init)
    [Anonymous Symbol]                       0x00002826   Section        0  main.o(.text.rtos_startup_err_callback_internal)
    [Anonymous Symbol]                       0x0000282a   Section        0  r_sci_uart.o(.text.sci_uart_eri_isr)
    [Anonymous Symbol]                       0x00002896   Section        0  r_sci_uart.o(.text.sci_uart_rxi_isr)
    [Anonymous Symbol]                       0x00002920   Section        0  r_sci_uart.o(.text.sci_uart_tei_isr)
    [Anonymous Symbol]                       0x0000296a   Section        0  r_sci_uart.o(.text.sci_uart_txi_isr)
    [Anonymous Symbol]                       0x000029f2   Section        0  list.o(.text.uxListRemove)
    [Anonymous Symbol]                       0x00002a14   Section        0  main.o(.text.vApplicationGetIdleTaskMemory)
    [Anonymous Symbol]                       0x00002a2e   Section        0  list.o(.text.vListInitialise)
    [Anonymous Symbol]                       0x00002a44   Section        0  list.o(.text.vListInitialiseItem)
    [Anonymous Symbol]                       0x00002a4c   Section        0  list.o(.text.vListInsert)
    [Anonymous Symbol]                       0x00002a86   Section        0  list.o(.text.vListInsertEnd)
    [Anonymous Symbol]                       0x00002aa0   Section        0  port.o(.text.vPortEnterCritical)
    [Anonymous Symbol]                       0x00002aec   Section        0  port.o(.text.vPortExitCritical)
    [Anonymous Symbol]                       0x00002b38   Section        0  heap_4.o(.text.vPortFree)
    __tagsym$$used.0                         0x00002be0   Number         0  port.o(.text.vPortSVCHandler_C)
    [Anonymous Symbol]                       0x00002be0   Section        0  port.o(.text.vPortSVCHandler_C)
    [Anonymous Symbol]                       0x00002c1c   Section        0  port.o(.text.vPortSetupTimerInterrupt)
    [Anonymous Symbol]                       0x00002c62   Section        0  tasks.o(.text.vTaskDelay)
    [Anonymous Symbol]                       0x00002cb6   Section        0  tasks.o(.text.vTaskDelete)
    [Anonymous Symbol]                       0x00002da2   Section        0  tasks.o(.text.vTaskInternalSetTimeOutState)
    [Anonymous Symbol]                       0x00002dbc   Section        0  tasks.o(.text.vTaskMissedYield)
    [Anonymous Symbol]                       0x00002dca   Section        0  tasks.o(.text.vTaskPlaceOnEventList)
    [Anonymous Symbol]                       0x00002e04   Section        0  tasks.o(.text.vTaskPriorityDisinheritAfterTimeout)
    [Anonymous Symbol]                       0x00002ed4   Section        0  tasks.o(.text.vTaskStartScheduler)
    [Anonymous Symbol]                       0x00002f54   Section        0  tasks.o(.text.vTaskSuspendAll)
    [Anonymous Symbol]                       0x00002f64   Section        0  tasks.o(.text.vTaskSwitchContext)
    [Anonymous Symbol]                       0x00003000   Section        0  port.o(.text.xPortStartScheduler)
    [Anonymous Symbol]                       0x0000303c   Section        0  queue.o(.text.xQueueCreateCountingSemaphoreStatic)
    [Anonymous Symbol]                       0x0000307c   Section        0  queue.o(.text.xQueueGenericCreateStatic)
    [Anonymous Symbol]                       0x00003124   Section        0  queue.o(.text.xQueueGenericReset)
    [Anonymous Symbol]                       0x000031f0   Section        0  queue.o(.text.xQueueGenericSend)
    [Anonymous Symbol]                       0x00003398   Section        0  queue.o(.text.xQueueSemaphoreTake)
    [Anonymous Symbol]                       0x00003554   Section        0  tasks.o(.text.xTaskCheckForTimeOut)
    [Anonymous Symbol]                       0x000035f0   Section        0  tasks.o(.text.xTaskCreate)
    [Anonymous Symbol]                       0x0000364c   Section        0  tasks.o(.text.xTaskCreateStatic)
    [Anonymous Symbol]                       0x00003728   Section        0  tasks.o(.text.xTaskGetSchedulerState)
    [Anonymous Symbol]                       0x0000374c   Section        0  tasks.o(.text.xTaskIncrementTick)
    [Anonymous Symbol]                       0x000038f4   Section        0  tasks.o(.text.xTaskPriorityDisinherit)
    [Anonymous Symbol]                       0x000039b4   Section        0  tasks.o(.text.xTaskPriorityInherit)
    [Anonymous Symbol]                       0x00003a54   Section        0  tasks.o(.text.xTaskRemoveFromEventList)
    [Anonymous Symbol]                       0x00003b48   Section        0  tasks.o(.text.xTaskResumeAll)
    i.__0printf                              0x00003cc8   Section        0  printfa.o(i.__0printf)
    i.__0snprintf                            0x00003ce8   Section        0  printfa.o(i.__0snprintf)
    i.__0vsnprintf                           0x00003d1c   Section        0  printfa.o(i.__0vsnprintf)
    _fp_digits                               0x00003d51   Thumb Code   366  printfa.o(i._fp_digits)
    i._fp_digits                             0x00003d50   Section        0  printfa.o(i._fp_digits)
    _printf_core                             0x00003ed5   Thumb Code  1744  printfa.o(i._printf_core)
    i._printf_core                           0x00003ed4   Section        0  printfa.o(i._printf_core)
    _printf_post_padding                     0x000045b1   Thumb Code    36  printfa.o(i._printf_post_padding)
    i._printf_post_padding                   0x000045b0   Section        0  printfa.o(i._printf_post_padding)
    _printf_pre_padding                      0x000045d5   Thumb Code    46  printfa.o(i._printf_pre_padding)
    i._printf_pre_padding                    0x000045d4   Section        0  printfa.o(i._printf_pre_padding)
    _snputc                                  0x00004603   Thumb Code    22  printfa.o(i._snputc)
    i._snputc                                0x00004602   Section        0  printfa.o(i._snputc)
    color_output_info                        0x0000461c   Data          24  elog_1.o(.rodata.color_output_info)
    [Anonymous Symbol]                       0x0000461c   Section        0  elog_1.o(.rodata.color_output_info)
    g_prcr_masks                             0x00004634   Data           8  bsp_register_protection.o(.rodata.cst8)
    [Anonymous Symbol]                       0x00004634   Section        0  bsp_register_protection.o(.rodata.cst8)
    level_output_info                        0x000048a8   Data          24  elog_1.o(.rodata.level_output_info)
    [Anonymous Symbol]                       0x000048a8   Section        0  elog_1.o(.rodata.level_output_info)
    .L.str.10                                0x000048c0   Data           2  elog_1.o(.rodata.str1.1)
    [Anonymous Symbol]                       0x000048c0   Section        0  elog_1.o(.rodata.str1.1)
    .L.str.13                                0x000048c2   Data           2  elog_1.o(.rodata.str1.1)
    .L.str.8                                 0x000048c4   Data          19  elog_1.o(.rodata.str1.1)
    .L.str.2                                 0x000048d7   Data          34  elog_1.o(.rodata.str1.1)
    .L.str.5                                 0x000048d7   Data          34  elog_1.o(.rodata.str1.1)
    .L.str.3                                 0x0000490b   Data           7  elog_1.o(.rodata.str1.1)
    .L.str.7                                 0x00004912   Data          26  elog_1.o(.rodata.str1.1)
    .L__FUNCTION__.elog_set_filter           0x0000492f   Data          16  elog_1.o(.rodata.str1.1)
    .L__FUNCTION__.elog_set_filter_lvl       0x0000493f   Data          20  elog_1.o(.rodata.str1.1)
    .L__FUNCTION__.elog_set_filter_tag_lvl   0x00004953   Data          24  elog_1.o(.rodata.str1.1)
    .L__FUNCTION__.elog_find_lvl             0x000049a7   Data          14  elog_1.o(.rodata.str1.1)
    .L.str.19                                0x000049b5   Data           4  elog_1.o(.rodata.str1.1)
    .L.str.20                                0x000049b9   Data          53  elog_1.o(.rodata.str1.1)
    .L.str.21                                0x000049ee   Data          52  elog_1.o(.rodata.str1.1)
    .L.str.22                                0x00004a22   Data          51  elog_1.o(.rodata.str1.1)
    .L.str.23                                0x00004a55   Data          51  elog_1.o(.rodata.str1.1)
    .L.str.24                                0x00004a88   Data          52  elog_1.o(.rodata.str1.1)
    .L.str.1                                 0x00004aa7   Data          26  elog_1.o(.rodata.str1.1)
    .L.str.25                                0x00004abc   Data          54  elog_1.o(.rodata.str1.1)
    .L__FUNCTION__.get_fmt_enabled           0x00004ac1   Data          16  elog_1.o(.rodata.str1.1)
    .L.str                                   0x00004adf   Data           5  elog_1.o(.rodata.str1.1)
    .L.str                                   0x00004adf   Data           5  elog_1.o(.rodata.str1.1)
    .L__FUNCTION__.elog_find_tag             0x00004af2   Data          14  elog_1.o(.rodata.str1.1)
    .L__FUNCTION__.elog_get_filter_tag_lvl   0x00004af2   Data          24  elog_1.o(.rodata.str1.1)
    .L.str.26                                0x00004b00   Data           8  elog_1.o(.rodata.str1.1)
    .L.str.27                                0x00004b08   Data          25  elog_1.o(.rodata.str1.1)
    .L.str.28                                0x00004b21   Data          41  elog_1.o(.rodata.str1.1)
    .L__FUNCTION__.elog_set_fmt              0x00004b78   Data          13  elog_1.o(.rodata.str1.1)
    .L__FUNCTION__.elog_output               0x00004b85   Data          12  elog_1.o(.rodata.str1.1)
    .L.str.1                                 0x00004b91   Data          32  elog_utils_1.o(.rodata.str1.1)
    [Anonymous Symbol]                       0x00004b91   Section        0  elog_utils_1.o(.rodata.str1.1)
    .L.str.4                                 0x00004bb1   Data           4  elog_utils_1.o(.rodata.str1.1)
    .L.str.3                                 0x00004bc5   Data           4  elog_utils_1.o(.rodata.str1.1)
    .L__FUNCTION__.elog_strcpy               0x00004bd5   Data          12  elog_utils_1.o(.rodata.str1.1)
    .L.str.1                                 0x00004be0   Data           1  elog_utils_1.o(.rodata.str1.1)
    .L.str.18                                0x00004be0   Data           1  elog_utils_1.o(.rodata.str1.1)
    .L.str.3                                 0x00004be1   Data         115  heap_4.o(.rodata.str1.1)
    [Anonymous Symbol]                       0x00004be1   Section        0  heap_4.o(.rodata.str1.1)
    .L__FUNCTION__.elog_cpyln                0x00004bec   Data          11  elog_utils_1.o(.rodata.str1.1)
    .L.str.5                                 0x00004bf7   Data           5  elog_utils_1.o(.rodata.str1.1)
    .L.str.6                                 0x00004bfc   Data           4  elog_utils_1.o(.rodata.str1.1)
    .L__FUNCTION__.elog_memcpy               0x00004c00   Data          12  elog_utils_1.o(.rodata.str1.1)
    .L.str.1                                 0x00004c54   Data         113  heap_4.o(.rodata.str1.1)
    [Anonymous Symbol]                       0x00004cc5   Section        0  queue.o(.rodata.str1.1)
    .L.str.10                                0x00004d12   Data          83  queue.o(.rodata.str1.1)
    .L.str.9                                 0x00004d65   Data          77  queue.o(.rodata.str1.1)
    .L.str.8                                 0x00004e02   Data          77  queue.o(.rodata.str1.1)
    .L.str.11                                0x00004e2c   Data          34  queue.o(.rodata.str1.1)
    .L.str.13                                0x00004e67   Data          77  queue.o(.rodata.str1.1)
    .L.str.14                                0x00004eb9   Data          12  queue.o(.rodata.str1.1)
    .L.str.15                                0x00004ec0   Data          80  queue.o(.rodata.str1.1)
    .L.str.12                                0x00004ec5   Data          25  queue.o(.rodata.str1.1)
    .L.str.1                                 0x00004ede   Data          95  queue.o(.rodata.str1.1)
    .L.str.16                                0x00004f10   Data          72  queue.o(.rodata.str1.1)
    .L.str.7                                 0x00004f3d   Data           8  queue.o(.rodata.str1.1)
    .L.str.5                                 0x00004f45   Data          11  queue.o(.rodata.str1.1)
    .L.str                                   0x00004f50   Data           8  queue.o(.rodata.str1.1)
    .L.str.15                                0x00004f58   Data         118  tasks.o(.rodata.str1.1)
    .L.str.19                                0x00004f58   Data           7  queue.o(.rodata.str1.1)
    [Anonymous Symbol]                       0x00004f58   Section        0  tasks.o(.rodata.str1.1)
    .L.str.8                                 0x00004fe2   Data          14  tasks.o(.rodata.str1.1)
    .L.str.18                                0x00005061   Data          15  tasks.o(.rodata.str1.1)
    .L.str.11                                0x00005070   Data          43  tasks.o(.rodata.str1.1)
    .L.str.4                                 0x0000509b   Data          43  tasks.o(.rodata.str1.1)
    .L.str.1                                 0x000050c6   Data          95  tasks.o(.rodata.str1.1)
    .L.str.25                                0x000050cb   Data          20  tasks.o(.rodata.str1.1)
    .L.str.26                                0x000050df   Data          22  tasks.o(.rodata.str1.1)
    .L.str.27                                0x000050f5   Data          14  tasks.o(.rodata.str1.1)
    .L.str.28                                0x00005103   Data          31  tasks.o(.rodata.str1.1)
    .L.str.29                                0x00005122   Data          53  tasks.o(.rodata.str1.1)
    .L.str.23                                0x00005125   Data          21  tasks.o(.rodata.str1.1)
    .L.str.17                                0x00005148   Data          12  tasks.o(.rodata.str1.1)
    .L.str.19                                0x00005154   Data          10  tasks.o(.rodata.str1.1)
    .L.str.30                                0x00005157   Data          21  tasks.o(.rodata.str1.1)
    .L.str.2                                 0x0000516c   Data          70  port.o(.rodata.str1.1)
    [Anonymous Symbol]                       0x0000516c   Section        0  port.o(.rodata.str1.1)
    .L.str.1                                 0x000051b2   Data          90  port.o(.rodata.str1.1)
    __tagsym$$used.0                         0x00005210   Number         0  bsp_common.o(.version)
    g_fsp_version                            0x00005210   Data           4  bsp_common.o(.version)
    [Anonymous Symbol]                       0x00005210   Section        0  bsp_common.o(.version)
    __tagsym$$used.1                         0x00005214   Number         0  bsp_common.o(.version)
    g_fsp_version_string                     0x00005214   Data           6  bsp_common.o(.version)
    [Anonymous Symbol]                       0x00005214   Section        0  bsp_common.o(.version)
    __tagsym$$used.2                         0x0000521a   Number         0  bsp_common.o(.version)
    g_fsp_version_build_string               0x0000521a   Data          68  bsp_common.o(.version)
    [Anonymous Symbol]                       0x0000521a   Section        0  bsp_common.o(.version)
    __tagsym$$used.0                         0x0100a150   Number         0  bsp_rom_registers.o(.id_code)
    g_bsp_id_codes                           0x0100a150   Data          16  bsp_rom_registers.o(.id_code)
    [Anonymous Symbol]                       0x0100a150   Section        0  bsp_rom_registers.o(.id_code)
    .data                                    0x1ffe0000   Section        4  stdout.o(.data)
    elog                                     0x1ffe0010   Data         248  elog_1.o(.bss.elog)
    [Anonymous Symbol]                       0x1ffe0010   Section        0  elog_1.o(.bss.elog)
    g_mask_level_before_disable              0x1ffe019c   Data           4  port.o(.bss.g_mask_level_before_disable)
    [Anonymous Symbol]                       0x1ffe019c   Section        0  port.o(.bss.g_mask_level_before_disable)
    log_buf                                  0x1ffe035c   Data        1024  elog_1.o(.bss.log_buf)
    [Anonymous Symbol]                       0x1ffe035c   Section        0  elog_1.o(.bss.log_buf)
    pxDelayedTaskList                        0x1ffe0760   Data           4  tasks.o(.bss.pxDelayedTaskList)
    [Anonymous Symbol]                       0x1ffe0760   Section        0  tasks.o(.bss.pxDelayedTaskList)
    pxEnd                                    0x1ffe0764   Data           4  heap_4.o(.bss.pxEnd)
    [Anonymous Symbol]                       0x1ffe0764   Section        0  heap_4.o(.bss.pxEnd)
    pxOverflowDelayedTaskList                0x1ffe0768   Data           4  tasks.o(.bss.pxOverflowDelayedTaskList)
    [Anonymous Symbol]                       0x1ffe0768   Section        0  tasks.o(.bss.pxOverflowDelayedTaskList)
    pxReadyTasksLists                        0x1ffe076c   Data         300  tasks.o(.bss.pxReadyTasksLists)
    [Anonymous Symbol]                       0x1ffe076c   Section        0  tasks.o(.bss.pxReadyTasksLists)
    ucHeap                                   0x1ffe0899   Data       20480  heap_4.o(.bss.ucHeap)
    [Anonymous Symbol]                       0x1ffe0899   Section        0  heap_4.o(.bss.ucHeap)
    uxCriticalNesting                        0x1ffe589c   Data           4  port.o(.bss.uxCriticalNesting)
    [Anonymous Symbol]                       0x1ffe589c   Section        0  port.o(.bss.uxCriticalNesting)
    uxCurrentNumberOfTasks                   0x1ffe58a0   Data           4  tasks.o(.bss.uxCurrentNumberOfTasks)
    [Anonymous Symbol]                       0x1ffe58a0   Section        0  tasks.o(.bss.uxCurrentNumberOfTasks)
    uxDeletedTasksWaitingCleanUp             0x1ffe58a4   Data           4  tasks.o(.bss.uxDeletedTasksWaitingCleanUp)
    [Anonymous Symbol]                       0x1ffe58a4   Section        0  tasks.o(.bss.uxDeletedTasksWaitingCleanUp)
    uxSchedulerSuspended                     0x1ffe58a8   Data           4  tasks.o(.bss.uxSchedulerSuspended)
    [Anonymous Symbol]                       0x1ffe58a8   Section        0  tasks.o(.bss.uxSchedulerSuspended)
    uxTaskNumber                             0x1ffe58ac   Data           4  tasks.o(.bss.uxTaskNumber)
    [Anonymous Symbol]                       0x1ffe58ac   Section        0  tasks.o(.bss.uxTaskNumber)
    uxTopReadyPriority                       0x1ffe58b0   Data           4  tasks.o(.bss.uxTopReadyPriority)
    [Anonymous Symbol]                       0x1ffe58b0   Section        0  tasks.o(.bss.uxTopReadyPriority)
    vApplicationGetIdleTaskMemory.uxIdleTaskStack 0x1ffe58b4   Data         512  main.o(.bss.vApplicationGetIdleTaskMemory.uxIdleTaskStack)
    [Anonymous Symbol]                       0x1ffe58b4   Section        0  main.o(.bss.vApplicationGetIdleTaskMemory.uxIdleTaskStack)
    vApplicationGetIdleTaskMemory.xIdleTaskTCB 0x1ffe5ab4   Data         120  main.o(.bss.vApplicationGetIdleTaskMemory.xIdleTaskTCB)
    [Anonymous Symbol]                       0x1ffe5ab4   Section        0  main.o(.bss.vApplicationGetIdleTaskMemory.xIdleTaskTCB)
    xDelayedTaskList1                        0x1ffe5b2c   Data          20  tasks.o(.bss.xDelayedTaskList1)
    [Anonymous Symbol]                       0x1ffe5b2c   Section        0  tasks.o(.bss.xDelayedTaskList1)
    xDelayedTaskList2                        0x1ffe5b40   Data          20  tasks.o(.bss.xDelayedTaskList2)
    [Anonymous Symbol]                       0x1ffe5b40   Section        0  tasks.o(.bss.xDelayedTaskList2)
    xFreeBytesRemaining                      0x1ffe5b54   Data           4  heap_4.o(.bss.xFreeBytesRemaining)
    [Anonymous Symbol]                       0x1ffe5b54   Section        0  heap_4.o(.bss.xFreeBytesRemaining)
    xIdleTaskHandle                          0x1ffe5b58   Data           4  tasks.o(.bss.xIdleTaskHandle)
    [Anonymous Symbol]                       0x1ffe5b58   Section        0  tasks.o(.bss.xIdleTaskHandle)
    xMinimumEverFreeBytesRemaining           0x1ffe5b5c   Data           4  heap_4.o(.bss.xMinimumEverFreeBytesRemaining)
    [Anonymous Symbol]                       0x1ffe5b5c   Section        0  heap_4.o(.bss.xMinimumEverFreeBytesRemaining)
    xNextTaskUnblockTime                     0x1ffe5b60   Data           4  tasks.o(.bss.xNextTaskUnblockTime)
    [Anonymous Symbol]                       0x1ffe5b60   Section        0  tasks.o(.bss.xNextTaskUnblockTime)
    xNumOfOverflows                          0x1ffe5b64   Data           4  tasks.o(.bss.xNumOfOverflows)
    [Anonymous Symbol]                       0x1ffe5b64   Section        0  tasks.o(.bss.xNumOfOverflows)
    xNumberOfSuccessfulAllocations           0x1ffe5b68   Data           4  heap_4.o(.bss.xNumberOfSuccessfulAllocations)
    [Anonymous Symbol]                       0x1ffe5b68   Section        0  heap_4.o(.bss.xNumberOfSuccessfulAllocations)
    xNumberOfSuccessfulFrees                 0x1ffe5b6c   Data           4  heap_4.o(.bss.xNumberOfSuccessfulFrees)
    [Anonymous Symbol]                       0x1ffe5b6c   Section        0  heap_4.o(.bss.xNumberOfSuccessfulFrees)
    xPendedTicks                             0x1ffe5b70   Data           4  tasks.o(.bss.xPendedTicks)
    [Anonymous Symbol]                       0x1ffe5b70   Section        0  tasks.o(.bss.xPendedTicks)
    xPendingReadyList                        0x1ffe5b74   Data          20  tasks.o(.bss.xPendingReadyList)
    [Anonymous Symbol]                       0x1ffe5b74   Section        0  tasks.o(.bss.xPendingReadyList)
    xSchedulerRunning                        0x1ffe5b88   Data           4  tasks.o(.bss.xSchedulerRunning)
    [Anonymous Symbol]                       0x1ffe5b88   Section        0  tasks.o(.bss.xSchedulerRunning)
    xStart                                   0x1ffe5b8c   Data           8  heap_4.o(.bss.xStart)
    [Anonymous Symbol]                       0x1ffe5b8c   Section        0  heap_4.o(.bss.xStart)
    xSuspendedTaskList                       0x1ffe5b94   Data          20  tasks.o(.bss.xSuspendedTaskList)
    [Anonymous Symbol]                       0x1ffe5b94   Section        0  tasks.o(.bss.xSuspendedTaskList)
    xTasksWaitingTermination                 0x1ffe5ba8   Data          20  tasks.o(.bss.xTasksWaitingTermination)
    [Anonymous Symbol]                       0x1ffe5ba8   Section        0  tasks.o(.bss.xTasksWaitingTermination)
    xTickCount                               0x1ffe5bbc   Data           4  tasks.o(.bss.xTickCount)
    [Anonymous Symbol]                       0x1ffe5bbc   Section        0  tasks.o(.bss.xTickCount)
    xYieldPending                            0x1ffe5bc0   Data           4  tasks.o(.bss.xYieldPending)
    [Anonymous Symbol]                       0x1ffe5bc0   Section        0  tasks.o(.bss.xYieldPending)
    __tagsym$$used.0                         0x1ffe5bc4   Number         0  bsp_clocks.o(.bss.noinit)
    g_clock_freq                             0x1ffe5bc4   Data          24  bsp_clocks.o(.bss.noinit)
    [Anonymous Symbol]                       0x1ffe5bc4   Section        0  bsp_clocks.o(.bss.noinit)
    __tagsym$$used.2                         0x1ffe5be0   Number         0  startup.o(.bss.heap)
    g_heap                                   0x1ffe5be0   Data        4096  startup.o(.bss.heap)
    [Anonymous Symbol]                       0x1ffe5be0   Section        0  startup.o(.bss.heap)
    __tagsym$$used.0                         0x1ffe6be0   Number         0  startup.o(.bss.stack)
    g_main_stack                             0x1ffe6be0   Data        1024  startup.o(.bss.stack)
    [Anonymous Symbol]                       0x1ffe6be0   Section        0  startup.o(.bss.stack)

    Global Symbols

    Symbol Name                              Value     Ov Type        Size  Object(Section)

    BuildAttributes$$THM_ISAv4$E$P$D$K$B$S$7EM$VFPi3$EXTD16$VFPS$VFMA$PE$A:L22UL41UL21$X:L11$S22US41US21$IEEE1$IW$USESV6$~STKCKD$USESV7$WCHAR32$ENUMINT$~SHL$OSPACE$ROPI$MICROLIB$REQ8$PRES8$EABIv2 0x00000000   Number         0  anon$$obj.o ABSOLUTE
    __Vectors                                0x00000000   Data          64  startup.o(.fixed_vectors)
    _printf_a                                0x00000000   Number         0  printfstubs.o ABSOLUTE
    _printf_c                                0x00000000   Number         0  printfstubs.o ABSOLUTE
    _printf_charcount                        0x00000000   Number         0  printfstubs.o ABSOLUTE
    _printf_d                                0x00000000   Number         0  printfstubs.o ABSOLUTE
    _printf_e                                0x00000000   Number         0  printfstubs.o ABSOLUTE
    _printf_f                                0x00000000   Number         0  printfstubs.o ABSOLUTE
    _printf_flags                            0x00000000   Number         0  printfstubs.o ABSOLUTE
    _printf_fp_dec                           0x00000000   Number         0  printfstubs.o ABSOLUTE
    _printf_fp_hex                           0x00000000   Number         0  printfstubs.o ABSOLUTE
    _printf_g                                0x00000000   Number         0  printfstubs.o ABSOLUTE
    _printf_i                                0x00000000   Number         0  printfstubs.o ABSOLUTE
    _printf_int_dec                          0x00000000   Number         0  printfstubs.o ABSOLUTE
    _printf_l                                0x00000000   Number         0  printfstubs.o ABSOLUTE
    _printf_lc                               0x00000000   Number         0  printfstubs.o ABSOLUTE
    _printf_ll                               0x00000000   Number         0  printfstubs.o ABSOLUTE
    _printf_lld                              0x00000000   Number         0  printfstubs.o ABSOLUTE
    _printf_lli                              0x00000000   Number         0  printfstubs.o ABSOLUTE
    _printf_llo                              0x00000000   Number         0  printfstubs.o ABSOLUTE
    _printf_llu                              0x00000000   Number         0  printfstubs.o ABSOLUTE
    _printf_llx                              0x00000000   Number         0  printfstubs.o ABSOLUTE
    _printf_longlong_dec                     0x00000000   Number         0  printfstubs.o ABSOLUTE
    _printf_longlong_hex                     0x00000000   Number         0  printfstubs.o ABSOLUTE
    _printf_longlong_oct                     0x00000000   Number         0  printfstubs.o ABSOLUTE
    _printf_ls                               0x00000000   Number         0  printfstubs.o ABSOLUTE
    _printf_mbtowc                           0x00000000   Number         0  printfstubs.o ABSOLUTE
    _printf_n                                0x00000000   Number         0  printfstubs.o ABSOLUTE
    _printf_o                                0x00000000   Number         0  printfstubs.o ABSOLUTE
    _printf_p                                0x00000000   Number         0  printfstubs.o ABSOLUTE
    _printf_percent                          0x00000000   Number         0  printfstubs.o ABSOLUTE
    _printf_pre_padding                      0x00000000   Number         0  printfstubs.o ABSOLUTE
    _printf_return_value                     0x00000000   Number         0  printfstubs.o ABSOLUTE
    _printf_s                                0x00000000   Number         0  printfstubs.o ABSOLUTE
    _printf_sizespec                         0x00000000   Number         0  printfstubs.o ABSOLUTE
    _printf_str                              0x00000000   Number         0  printfstubs.o ABSOLUTE
    _printf_truncate_signed                  0x00000000   Number         0  printfstubs.o ABSOLUTE
    _printf_truncate_unsigned                0x00000000   Number         0  printfstubs.o ABSOLUTE
    _printf_u                                0x00000000   Number         0  printfstubs.o ABSOLUTE
    _printf_wc                               0x00000000   Number         0  printfstubs.o ABSOLUTE
    _printf_wctomb                           0x00000000   Number         0  printfstubs.o ABSOLUTE
    _printf_widthprec                        0x00000000   Number         0  printfstubs.o ABSOLUTE
    _printf_x                                0x00000000   Number         0  printfstubs.o ABSOLUTE
    Image$$DATA$$Length                      0x00000008   Number         0  anon$$obj.o ABSOLUTE
    g_vector_table                           0x00000040   Data         384  vector_data.o(.application_vectors)
    Image$$INIT_ARRAY$$Base                  0x0000043c   Number         0  anon$$obj.o ABSOLUTE
    Image$$INIT_ARRAY$$Limit                 0x0000043c   Number         0  anon$$obj.o ABSOLUTE
    __aeabi_memcpy                           0x0000043d   Thumb Code    36  memcpya.o(.text)
    __aeabi_memcpy4                          0x0000043d   Thumb Code     0  memcpya.o(.text)
    __aeabi_memcpy8                          0x0000043d   Thumb Code     0  memcpya.o(.text)
    __aeabi_memset                           0x00000461   Thumb Code    14  memseta.o(.text)
    __aeabi_memset4                          0x00000461   Thumb Code     0  memseta.o(.text)
    __aeabi_memset8                          0x00000461   Thumb Code     0  memseta.o(.text)
    __aeabi_memclr                           0x0000046f   Thumb Code     4  memseta.o(.text)
    __aeabi_memclr4                          0x0000046f   Thumb Code     0  memseta.o(.text)
    __aeabi_memclr8                          0x0000046f   Thumb Code     0  memseta.o(.text)
    _memset$wrapper                          0x00000473   Thumb Code    18  memseta.o(.text)
    strstr                                   0x00000485   Thumb Code    36  strstr.o(.text)
    strlen                                   0x000004a9   Thumb Code    14  strlen.o(.text)
    strncmp                                  0x000004b7   Thumb Code    30  strncmp.o(.text)
    __aeabi_uidiv                            0x000004d5   Thumb Code     0  uidiv.o(.text)
    __aeabi_uidivmod                         0x000004d5   Thumb Code    44  uidiv.o(.text)
    __aeabi_uldivmod                         0x00000501   Thumb Code    98  uldiv.o(.text)
    __I$use$fp                               0x00000563   Thumb Code     0  iusefp.o(.text)
    __aeabi_dadd                             0x00000563   Thumb Code   322  dadd.o(.text)
    __aeabi_dsub                             0x000006a5   Thumb Code     6  dadd.o(.text)
    __aeabi_drsub                            0x000006ab   Thumb Code     6  dadd.o(.text)
    __aeabi_dmul                             0x000006b1   Thumb Code   228  dmul.o(.text)
    __aeabi_ddiv                             0x00000795   Thumb Code   222  ddiv.o(.text)
    __aeabi_d2ulz                            0x00000873   Thumb Code    48  dfixul.o(.text)
    __aeabi_cdrcmple                         0x000008a5   Thumb Code    48  cdrcmple.o(.text)
    __aeabi_llsl                             0x000008d5   Thumb Code    30  llshl.o(.text)
    _ll_shift_l                              0x000008d5   Thumb Code     0  llshl.o(.text)
    __aeabi_llsr                             0x000008f3   Thumb Code    32  llushr.o(.text)
    _ll_ushift_r                             0x000008f3   Thumb Code     0  llushr.o(.text)
    __aeabi_lasr                             0x00000913   Thumb Code    36  llsshr.o(.text)
    _ll_sshift_r                             0x00000913   Thumb Code     0  llsshr.o(.text)
    _double_round                            0x00000937   Thumb Code    30  depilogue.o(.text)
    _double_epilogue                         0x00000955   Thumb Code   156  depilogue.o(.text)
    Debug_UART9_Init                         0x000009f1   Thumb Code    36  bsp_uart_1.o(.text.Debug_UART9_Init)
    BusFault_Handler                         0x00000a3d   Thumb Code     4  startup.o(.text.Default_Handler)
    DebugMon_Handler                         0x00000a3d   Thumb Code     4  startup.o(.text.Default_Handler)
    Default_Handler                          0x00000a3d   Thumb Code     4  startup.o(.text.Default_Handler)
    HardFault_Handler                        0x00000a3d   Thumb Code     4  startup.o(.text.Default_Handler)
    MemManage_Handler                        0x00000a3d   Thumb Code     4  startup.o(.text.Default_Handler)
    SecureFault_Handler                      0x00000a3d   Thumb Code     4  startup.o(.text.Default_Handler)
    UsageFault_Handler                       0x00000a3d   Thumb Code     4  startup.o(.text.Default_Handler)
    LED_Init                                 0x00000a41   Thumb Code    22  bsp_led_1.o(.text.LED_Init)
    NMI_Handler                              0x00000a59   Thumb Code    68  bsp_group_irq.o(.text.NMI_Handler)
    PendSV_Handler                           0x00000a9d   Thumb Code    56  port.o(.text.PendSV_Handler)
    R_BSP_Init_RTC                           0x00000ad9   Thumb Code   122  bsp_clocks.o(.text.R_BSP_Init_RTC)
    R_BSP_RegisterProtectDisable             0x00000b53   Thumb Code    78  bsp_register_protection.o(.text.R_BSP_RegisterProtectDisable)
    R_BSP_RegisterProtectEnable              0x00000ba1   Thumb Code    82  bsp_register_protection.o(.text.R_BSP_RegisterProtectEnable)
    R_BSP_SoftwareDelay                      0x00000bf3   Thumb Code    82  bsp_delay.o(.text.R_BSP_SoftwareDelay)
    R_BSP_SubClockStabilizeWaitAfterReset    0x00000c45   Thumb Code     2  bsp_clocks.o(.text.R_BSP_SubClockStabilizeWaitAfterReset)
    R_BSP_WarmStart                          0x00000c47   Thumb Code    26  hal_entry.o(.text.R_BSP_WarmStart)
    R_IOPORT_Close                           0x00000c61   Thumb Code    10  r_ioport.o(.text.R_IOPORT_Close)
    R_IOPORT_Open                            0x00000c6b   Thumb Code    22  r_ioport.o(.text.R_IOPORT_Open)
    R_IOPORT_PinCfg                          0x00000c81   Thumb Code   178  r_ioport.o(.text.R_IOPORT_PinCfg)
    R_IOPORT_PinEventInputRead               0x00000d33   Thumb Code    40  r_ioport.o(.text.R_IOPORT_PinEventInputRead)
    R_IOPORT_PinEventOutputWrite             0x00000d5b   Thumb Code    80  r_ioport.o(.text.R_IOPORT_PinEventOutputWrite)
    R_IOPORT_PinRead                         0x00000dab   Thumb Code    34  r_ioport.o(.text.R_IOPORT_PinRead)
    R_IOPORT_PinWrite                        0x00000dcd   Thumb Code    40  r_ioport.o(.text.R_IOPORT_PinWrite)
    R_IOPORT_PinsCfg                         0x00000df5   Thumb Code    12  r_ioport.o(.text.R_IOPORT_PinsCfg)
    R_IOPORT_PortDirectionSet                0x00000e01   Thumb Code    44  r_ioport.o(.text.R_IOPORT_PortDirectionSet)
    R_IOPORT_PortEventInputRead              0x00000e2d   Thumb Code    24  r_ioport.o(.text.R_IOPORT_PortEventInputRead)
    R_IOPORT_PortEventOutputWrite            0x00000e45   Thumb Code    32  r_ioport.o(.text.R_IOPORT_PortEventOutputWrite)
    R_IOPORT_PortRead                        0x00000e65   Thumb Code    22  r_ioport.o(.text.R_IOPORT_PortRead)
    R_IOPORT_PortWrite                       0x00000e7b   Thumb Code    32  r_ioport.o(.text.R_IOPORT_PortWrite)
    R_SCI_UART_Open                          0x00000e9b   Thumb Code   778  r_sci_uart.o(.text.R_SCI_UART_Open)
    R_SCI_UART_Write                         0x000011a5   Thumb Code    76  r_sci_uart.o(.text.R_SCI_UART_Write)
    Reset_Handler                            0x000011f1   Thumb Code    10  startup.o(.text.Reset_Handler)
    SVC_Handler                              0x000011fd   Thumb Code    18  port.o(.text.SVC_Handler)
    SysTick_Handler                          0x00001215   Thumb Code    38  port.o(.text.SysTick_Handler)
    SystemCoreClockUpdate                    0x0000123b   Thumb Code    44  bsp_clocks.o(.text.SystemCoreClockUpdate)
    SystemInit                               0x00001269   Thumb Code   208  system.o(.text.SystemInit)
    __aeabi_assert                           0x00001339   Thumb Code     6  bsp_common.o(.text.__aeabi_assert)
    app_create_thread_create                 0x00001341   Thumb Code    80  app_create_thread.o(.text.app_create_thread_create)
    app_create_thread_entry                  0x000013a5   Thumb Code    68  app_create_thread_entry.o(.text.app_create_thread_entry)
    app_led_thread_entry                     0x00001465   Thumb Code    66  app_led_thread.o(.text.app_led_thread_entry)
    bsp_clock_init                           0x000014a9   Thumb Code   332  bsp_clocks.o(.text.bsp_clock_init)
    bsp_init                                 0x000015f5   Thumb Code     2  bsp_common.o(.text.bsp_init_internal)
    bsp_init_internal                        0x000015f5   Thumb Code     2  bsp_common.o(.text.bsp_init_internal)
    bsp_irq_cfg                              0x000015f9   Thumb Code    40  bsp_irq.o(.text.bsp_irq_cfg)
    bsp_prv_software_delay_loop              0x00001621   Thumb Code     8  bsp_delay.o(.text.bsp_prv_software_delay_loop)
    debug_init                               0x00001701   Thumb Code    66  debug_1.o(.text.debug_init)
    debug_uart9_callback                     0x00001743   Thumb Code    44  bsp_uart_1.o(.text.debug_uart9_callback)
    elog_get_filter_tag_lvl                  0x00001771   Thumb Code   218  elog_1.o(.text.elog_get_filter_tag_lvl)
    elog_init                                0x0000184b   Thumb Code    68  elog_1.o(.text.elog_init)
    elog_output                              0x00001891   Thumb Code  1052  elog_1.o(.text.elog_output)
    elog_output_lock_enabled                 0x00001ccd   Thumb Code    40  elog_1.o(.text.elog_output_lock_enabled)
    elog_port_get_p_info                     0x00001cf5   Thumb Code    10  elog_port_1.o(.text.elog_port_get_p_info)
    elog_port_get_t_info                     0x00001cff   Thumb Code    10  elog_port_1.o(.text.elog_port_get_t_info)
    elog_port_get_time                       0x00001d09   Thumb Code    10  elog_port_1.o(.text.elog_port_get_time)
    elog_port_init                           0x00001d13   Thumb Code     4  elog_port_1.o(.text.elog_port_init)
    elog_port_output                         0x00001d19   Thumb Code     8  elog_port_1.o(.text.elog_port_output)
    elog_port_output_lock                    0x00001d29   Thumb Code     4  elog_port_1.o(.text.elog_port_output_lock)
    elog_port_output_unlock                  0x00001d2d   Thumb Code     4  elog_port_1.o(.text.elog_port_output_unlock)
    elog_set_fmt                             0x00001d31   Thumb Code   130  elog_1.o(.text.elog_set_fmt)
    elog_start                               0x00001db5   Thumb Code    76  elog_1.o(.text.elog_start)
    elog_strcpy                              0x00001e35   Thumb Code   250  elog_utils_1.o(.text.elog_strcpy)
    fputc                                    0x00001f31   Thumb Code    40  bsp_uart_1.o(.text.fputc)
    g_common_init                            0x00001f59   Thumb Code     2  common_data.o(.text.g_common_init)
    g_hal_init                               0x00001f5b   Thumb Code     4  hal_data.o(.text.g_hal_init)
    main                                     0x00001fe7   Thumb Code    74  main.o(.text.main)
    pvPortMalloc                             0x000024b5   Thumb Code   324  heap_4.o(.text.pvPortMalloc)
    pvTaskIncrementMutexHeldCount            0x00002669   Thumb Code    24  tasks.o(.text.pvTaskIncrementMutexHeldCount)
    pxPortInitialiseStack                    0x00002681   Thumb Code    36  port.o(.text.pxPortInitialiseStack)
    rm_freertos_port_restore_task_stackless  0x000027a5   Thumb Code    26  port.o(.text.rm_freertos_port_restore_task_stackless)
    rtos_startup_common_init                 0x000027c5   Thumb Code    98  main.o(.text.rtos_startup_common_init)
    rtos_startup_err_callback                0x00002827   Thumb Code     4  main.o(.text.rtos_startup_err_callback_internal)
    rtos_startup_err_callback_internal       0x00002827   Thumb Code     4  main.o(.text.rtos_startup_err_callback_internal)
    sci_uart_eri_isr                         0x0000282b   Thumb Code   108  r_sci_uart.o(.text.sci_uart_eri_isr)
    sci_uart_rxi_isr                         0x00002897   Thumb Code   138  r_sci_uart.o(.text.sci_uart_rxi_isr)
    sci_uart_tei_isr                         0x00002921   Thumb Code    74  r_sci_uart.o(.text.sci_uart_tei_isr)
    sci_uart_txi_isr                         0x0000296b   Thumb Code   136  r_sci_uart.o(.text.sci_uart_txi_isr)
    uxListRemove                             0x000029f3   Thumb Code    34  list.o(.text.uxListRemove)
    vApplicationGetIdleTaskMemory            0x00002a15   Thumb Code    26  main.o(.text.vApplicationGetIdleTaskMemory)
    vListInitialise                          0x00002a2f   Thumb Code    22  list.o(.text.vListInitialise)
    vListInitialiseItem                      0x00002a45   Thumb Code     6  list.o(.text.vListInitialiseItem)
    vListInsert                              0x00002a4d   Thumb Code    58  list.o(.text.vListInsert)
    vListInsertEnd                           0x00002a87   Thumb Code    26  list.o(.text.vListInsertEnd)
    vPortEnterCritical                       0x00002aa1   Thumb Code    76  port.o(.text.vPortEnterCritical)
    vPortExitCritical                        0x00002aed   Thumb Code    56  port.o(.text.vPortExitCritical)
    vPortFree                                0x00002b39   Thumb Code   136  heap_4.o(.text.vPortFree)
    vPortSVCHandler_C                        0x00002be1   Thumb Code    40  port.o(.text.vPortSVCHandler_C)
    vPortSetupTimerInterrupt                 0x00002c1d   Thumb Code    70  port.o(.text.vPortSetupTimerInterrupt)
    vTaskDelay                               0x00002c63   Thumb Code    84  tasks.o(.text.vTaskDelay)
    vTaskDelete                              0x00002cb7   Thumb Code   236  tasks.o(.text.vTaskDelete)
    vTaskInternalSetTimeOutState             0x00002da3   Thumb Code    26  tasks.o(.text.vTaskInternalSetTimeOutState)
    vTaskMissedYield                         0x00002dbd   Thumb Code    14  tasks.o(.text.vTaskMissedYield)
    vTaskPlaceOnEventList                    0x00002dcb   Thumb Code    58  tasks.o(.text.vTaskPlaceOnEventList)
    vTaskPriorityDisinheritAfterTimeout      0x00002e05   Thumb Code   184  tasks.o(.text.vTaskPriorityDisinheritAfterTimeout)
    vTaskStartScheduler                      0x00002ed5   Thumb Code   120  tasks.o(.text.vTaskStartScheduler)
    vTaskSuspendAll                          0x00002f55   Thumb Code    16  tasks.o(.text.vTaskSuspendAll)
    vTaskSwitchContext                       0x00002f65   Thumb Code   140  tasks.o(.text.vTaskSwitchContext)
    xPortStartScheduler                      0x00003001   Thumb Code    60  port.o(.text.xPortStartScheduler)
    xQueueCreateCountingSemaphoreStatic      0x0000303d   Thumb Code    64  queue.o(.text.xQueueCreateCountingSemaphoreStatic)
    xQueueGenericCreateStatic                0x0000307d   Thumb Code   124  queue.o(.text.xQueueGenericCreateStatic)
    xQueueGenericReset                       0x00003125   Thumb Code   168  queue.o(.text.xQueueGenericReset)
    xQueueGenericSend                        0x000031f1   Thumb Code   424  queue.o(.text.xQueueGenericSend)
    xQueueSemaphoreTake                      0x00003399   Thumb Code   442  queue.o(.text.xQueueSemaphoreTake)
    xTaskCheckForTimeOut                     0x00003555   Thumb Code   140  tasks.o(.text.xTaskCheckForTimeOut)
    xTaskCreate                              0x000035f1   Thumb Code    90  tasks.o(.text.xTaskCreate)
    xTaskCreateStatic                        0x0000364d   Thumb Code   152  tasks.o(.text.xTaskCreateStatic)
    xTaskGetSchedulerState                   0x00003729   Thumb Code    36  tasks.o(.text.xTaskGetSchedulerState)
    xTaskIncrementTick                       0x0000374d   Thumb Code   424  tasks.o(.text.xTaskIncrementTick)
    xTaskPriorityDisinherit                  0x000038f5   Thumb Code   168  tasks.o(.text.xTaskPriorityDisinherit)
    xTaskPriorityInherit                     0x000039b5   Thumb Code   160  tasks.o(.text.xTaskPriorityInherit)
    xTaskRemoveFromEventList                 0x00003a55   Thumb Code   242  tasks.o(.text.xTaskRemoveFromEventList)
    xTaskResumeAll                           0x00003b49   Thumb Code   382  tasks.o(.text.xTaskResumeAll)
    __0printf                                0x00003cc9   Thumb Code    22  printfa.o(i.__0printf)
    __1printf                                0x00003cc9   Thumb Code     0  printfa.o(i.__0printf)
    __2printf                                0x00003cc9   Thumb Code     0  printfa.o(i.__0printf)
    __c89printf                              0x00003cc9   Thumb Code     0  printfa.o(i.__0printf)
    printf                                   0x00003cc9   Thumb Code     0  printfa.o(i.__0printf)
    __0snprintf                              0x00003ce9   Thumb Code    48  printfa.o(i.__0snprintf)
    __1snprintf                              0x00003ce9   Thumb Code     0  printfa.o(i.__0snprintf)
    __2snprintf                              0x00003ce9   Thumb Code     0  printfa.o(i.__0snprintf)
    __c89snprintf                            0x00003ce9   Thumb Code     0  printfa.o(i.__0snprintf)
    snprintf                                 0x00003ce9   Thumb Code     0  printfa.o(i.__0snprintf)
    __0vsnprintf                             0x00003d1d   Thumb Code    46  printfa.o(i.__0vsnprintf)
    __1vsnprintf                             0x00003d1d   Thumb Code     0  printfa.o(i.__0vsnprintf)
    __2vsnprintf                             0x00003d1d   Thumb Code     0  printfa.o(i.__0vsnprintf)
    __c89vsnprintf                           0x00003d1d   Thumb Code     0  printfa.o(i.__0vsnprintf)
    vsnprintf                                0x00003d1d   Thumb Code     0  printfa.o(i.__0vsnprintf)
    app_create_thread_parameters             0x00004618   Data           4  app_create_thread.o(.rodata.app_create_thread_parameters)
    g_bsp_pin_cfg                            0x0000463c   Data          12  pin_data.o(.rodata.g_bsp_pin_cfg)
    g_bsp_pin_cfg_data                       0x00004648   Data          48  pin_data.o(.rodata.g_bsp_pin_cfg_data)
    g_interrupt_event_link_select            0x00004678   Data         384  vector_data.o(.rodata.g_interrupt_event_link_select)
    g_ioport                                 0x000047f8   Data          12  common_data.o(.rodata.g_ioport)
    g_ioport_on_ioport                       0x00004804   Data          52  r_ioport.o(.rodata.g_ioport_on_ioport)
    g_uart9_cfg                              0x00004838   Data          68  hal_data.o(.rodata.g_uart9_cfg)
    g_uart9_cfg_extend                       0x0000487c   Data          44  hal_data.o(.rodata.g_uart9_cfg_extend)
    uxTopUsedPriority                        0x0000520c   Data           4  tasks.o(.rodata.uxTopUsedPriority)
    Load$$DATA$$Base                         0x00005260   Number         0  anon$$obj.o ABSOLUTE
    Image$$BSS$$ZI$$Length                   0x00005bbc   Number         0  anon$$obj.o ABSOLUTE
    Image$$DATA$$Base                        0x1ffe0000   Number         0  anon$$obj.o ABSOLUTE
    __stdout                                 0x1ffe0000   Data           4  stdout.o(.data)
    g_uart9_baud_setting                     0x1ffe0004   Data           4  hal_data.o(.data.g_uart9_baud_setting)
    Image$$BSS$$ZI$$Base                     0x1ffe0008   Number         0  anon$$obj.o ABSOLUTE
    SystemCoreClock                          0x1ffe0008   Data           4  system.o(.bss.SystemCoreClock)
    app_create_thread                        0x1ffe000c   Data           4  app_create_thread.o(.bss.app_create_thread)
    elog_assert_hook                         0x1ffe0108   Data           4  elog_1.o(.bss.elog_assert_hook)
    g_bsp_group_irq_sources                  0x1ffe010c   Data          52  bsp_group_irq.o(.bss.g_bsp_group_irq_sources)
    g_fsp_common_initialized                 0x1ffe0140   Data           1  main.o(.bss.g_fsp_common_initialized)
    g_fsp_common_initialized_semaphore       0x1ffe0144   Data           4  main.o(.bss.g_fsp_common_initialized_semaphore)
    g_fsp_common_initialized_semaphore_memory 0x1ffe0148   Data          72  main.o(.bss.g_fsp_common_initialized_semaphore_memory)
    g_fsp_common_thread_count                0x1ffe0190   Data           4  main.o(.bss.g_fsp_common_thread_count)
    g_ioport_ctrl                            0x1ffe0194   Data           8  common_data.o(.bss.g_ioport_ctrl)
    g_protect_counters                       0x1ffe01a0   Data           8  bsp_register_protection.o(.bss.g_protect_counters)
    g_protect_pfswe_counter                  0x1ffe01a8   Data           4  bsp_io.o(.bss.g_protect_pfswe_counter)
    g_uart9_ctrl                             0x1ffe01ac   Data          48  hal_data.o(.bss.g_uart9_ctrl)
    gp_renesas_isr_context                   0x1ffe01dc   Data         384  bsp_irq.o(.bss.gp_renesas_isr_context)
    pxCurrentTCB                             0x1ffe075c   Data           4  tasks.o(.bss.pxCurrentTCB)
    uart_send_complete_flag                  0x1ffe0898   Data           1  bsp_uart_1.o(.bss.uart_send_complete_flag)



==============================================================================

Memory Map of the image

  Image Entry point : 0x000011f1

  Load Region LOAD_REGION_FLASH (Base: 0x00000000, Size: 0x00005268, Max: 0x00200000, ABSOLUTE)

    Execution Region __tz_FLASH_S (Exec base: 0x00000000, Load base: 0x00000000, Size: 0x00000000, Max: 0x00000000, ABSOLUTE)

    Exec Addr    Load Addr    Size         Type   Attr      Idx    E Section Name        Object

    0x00000000        -       0x00000000   Zero   RW            1    __tz_FLASH_S.bss    anon$$obj.o


    Execution Region VECTORS (Exec base: 0x00000000, Load base: 0x00000000, Size: 0x000001c0, Max: 0xffffffff, ABSOLUTE, FIXED)

    Exec Addr    Load Addr    Size         Type   Attr      Idx    E Section Name        Object

    0x00000000   0x00000000   0x00000040   Data   RO          530    .fixed_vectors      startup.o
    0x00000040   0x00000040   0x00000180   Data   RO          873    .application_vectors  vector_data.o


    Execution Region ROMGAP (Exec base: 0x000001c0, Load base: 0x000001c0, Size: 0x00000000, Max: 0xffffffff, ABSOLUTE, FIXED)

    **** No section assigned to this execution region ****


    Execution Region ROMGAP_FILL (Exec base: 0x000001c0, Load base: 0x000001c0, Size: 0x00000240, Max: 0x00000240, ABSOLUTE, FIXED)

    Exec Addr    Load Addr    Size         Type   Attr      Idx    E Section Name        Object

    0x000001c0        -       0x00000240   Zero   RW            2    ROMGAP_FILL.bss     anon$$obj.o


    Execution Region ROM_REGISTERS (Exec base: 0x00000400, Load base: 0x00000400, Size: 0x0000003c, Max: 0xffffffff, ABSOLUTE, FIXED)

    Exec Addr    Load Addr    Size         Type   Attr      Idx    E Section Name        Object

    0x00000400   0x00000400   0x0000003c   Data   RO          663    .rom_registers      bsp_rom_registers.o


    Execution Region MCUBOOT_SCE9_KEY (Exec base: 0x0000043c, Load base: 0x0000043c, Size: 0x00000000, Max: 0xffffffff, ABSOLUTE, FIXED)

    **** No section assigned to this execution region ****


    Execution Region INIT_ARRAY (Exec base: 0x0000043c, Load base: 0x0000043c, Size: 0x00000000, Max: 0xffffffff, ABSOLUTE, FIXED)

    **** No section assigned to this execution region ****


    Execution Region USB_DESC_FS (Exec base: 0x0000043c, Load base: 0x0000043c, Size: 0x00000000, Max: 0xffffffff, ABSOLUTE, FIXED)

    **** No section assigned to this execution region ****


    Execution Region RO_CODE_DATA (Exec base: 0x0000043c, Load base: 0x0000043c, Size: 0x00004e24, Max: 0xffffffff, ABSOLUTE, FIXED)

    Exec Addr    Load Addr    Size         Type   Attr      Idx    E Section Name        Object

    0x0000043c   0x0000043c   0x00000024   Code   RO          883    .text               mc_w.l(memcpya.o)
    0x00000460   0x00000460   0x00000024   Code   RO          885    .text               mc_w.l(memseta.o)
    0x00000484   0x00000484   0x00000024   Code   RO          887    .text               mc_w.l(strstr.o)
    0x000004a8   0x000004a8   0x0000000e   Code   RO          891    .text               mc_w.l(strlen.o)
    0x000004b6   0x000004b6   0x0000001e   Code   RO          895    .text               mc_w.l(strncmp.o)
    0x000004d4   0x000004d4   0x0000002c   Code   RO         1170    .text               mc_w.l(uidiv.o)
    0x00000500   0x00000500   0x00000062   Code   RO         1172    .text               mc_w.l(uldiv.o)
    0x00000562   0x00000562   0x00000000   Code   RO         1174    .text               mc_w.l(iusefp.o)
    0x00000562   0x00000562   0x0000014e   Code   RO         1175    .text               mf_w.l(dadd.o)
    0x000006b0   0x000006b0   0x000000e4   Code   RO         1177    .text               mf_w.l(dmul.o)
    0x00000794   0x00000794   0x000000de   Code   RO         1179    .text               mf_w.l(ddiv.o)
    0x00000872   0x00000872   0x00000030   Code   RO         1181    .text               mf_w.l(dfixul.o)
    0x000008a2   0x000008a2   0x00000002   PAD
    0x000008a4   0x000008a4   0x00000030   Code   RO         1183    .text               mf_w.l(cdrcmple.o)
    0x000008d4   0x000008d4   0x0000001e   Code   RO         1185    .text               mc_w.l(llshl.o)
    0x000008f2   0x000008f2   0x00000020   Code   RO         1187    .text               mc_w.l(llushr.o)
    0x00000912   0x00000912   0x00000024   Code   RO         1189    .text               mc_w.l(llsshr.o)
    0x00000936   0x00000936   0x000000ba   Code   RO         1191    .text               mf_w.l(depilogue.o)
    0x000009f0   0x000009f0   0x0000004c   Code   RO           45    .text.Debug_UART9_Init  bsp_uart_1.o
    0x00000a3c   0x00000a3c   0x00000004   Code   RO          527    .text.Default_Handler  startup.o
    0x00000a40   0x00000a40   0x00000016   Code   RO           60    .text.LED_Init      bsp_led_1.o
    0x00000a56   0x00000a56   0x00000002   PAD
    0x00000a58   0x00000a58   0x00000044   Code   RO          619    .text.NMI_Handler   bsp_group_irq.o
    0x00000a9c   0x00000a9c   0x0000003c   Code   RO          767    .text.PendSV_Handler  port.o
    0x00000ad8   0x00000ad8   0x0000007a   Code   RO          576    .text.R_BSP_Init_RTC  bsp_clocks.o
    0x00000b52   0x00000b52   0x0000004e   Code   RO          650    .text.R_BSP_RegisterProtectDisable  bsp_register_protection.o
    0x00000ba0   0x00000ba0   0x00000052   Code   RO          648    .text.R_BSP_RegisterProtectEnable  bsp_register_protection.o
    0x00000bf2   0x00000bf2   0x00000052   Code   RO          605    .text.R_BSP_SoftwareDelay  bsp_delay.o
    0x00000c44   0x00000c44   0x00000002   Code   RO          570    .text.R_BSP_SubClockStabilizeWaitAfterReset  bsp_clocks.o
    0x00000c46   0x00000c46   0x0000001a   Code   RO           26    .text.R_BSP_WarmStart  hal_entry.o
    0x00000c60   0x00000c60   0x0000000a   Code   RO          687    .text.R_IOPORT_Close  r_ioport.o
    0x00000c6a   0x00000c6a   0x00000016   Code   RO          685    .text.R_IOPORT_Open  r_ioport.o
    0x00000c80   0x00000c80   0x000000b2   Code   RO          691    .text.R_IOPORT_PinCfg  r_ioport.o
    0x00000d32   0x00000d32   0x00000028   Code   RO          693    .text.R_IOPORT_PinEventInputRead  r_ioport.o
    0x00000d5a   0x00000d5a   0x00000050   Code   RO          695    .text.R_IOPORT_PinEventOutputWrite  r_ioport.o
    0x00000daa   0x00000daa   0x00000022   Code   RO          697    .text.R_IOPORT_PinRead  r_ioport.o
    0x00000dcc   0x00000dcc   0x00000028   Code   RO          699    .text.R_IOPORT_PinWrite  r_ioport.o
    0x00000df4   0x00000df4   0x0000000c   Code   RO          689    .text.R_IOPORT_PinsCfg  r_ioport.o
    0x00000e00   0x00000e00   0x0000002c   Code   RO          701    .text.R_IOPORT_PortDirectionSet  r_ioport.o
    0x00000e2c   0x00000e2c   0x00000018   Code   RO          703    .text.R_IOPORT_PortEventInputRead  r_ioport.o
    0x00000e44   0x00000e44   0x00000020   Code   RO          705    .text.R_IOPORT_PortEventOutputWrite  r_ioport.o
    0x00000e64   0x00000e64   0x00000016   Code   RO          707    .text.R_IOPORT_PortRead  r_ioport.o
    0x00000e7a   0x00000e7a   0x00000020   Code   RO          709    .text.R_IOPORT_PortWrite  r_ioport.o
    0x00000e9a   0x00000e9a   0x0000030a   Code   RO          724    .text.R_SCI_UART_Open  r_sci_uart.o
    0x000011a4   0x000011a4   0x0000004c   Code   RO          728    .text.R_SCI_UART_Write  r_sci_uart.o
    0x000011f0   0x000011f0   0x0000000a   Code   RO          525  * .text.Reset_Handler  startup.o
    0x000011fa   0x000011fa   0x00000002   PAD
    0x000011fc   0x000011fc   0x00000018   Code   RO          765    .text.SVC_Handler   port.o
    0x00001214   0x00001214   0x00000026   Code   RO          771    .text.SysTick_Handler  port.o
    0x0000123a   0x0000123a   0x0000002c   Code   RO          556    .text.SystemCoreClockUpdate  bsp_clocks.o
    0x00001266   0x00001266   0x00000002   PAD
    0x00001268   0x00001268   0x000000d0   Code   RO          539    .text.SystemInit    system.o
    0x00001338   0x00001338   0x00000006   Code   RO          592    .text.__aeabi_assert  bsp_common.o
    0x0000133e   0x0000133e   0x00000002   PAD
    0x00001340   0x00001340   0x00000064   Code   RO          802    .text.app_create_thread_create  app_create_thread.o
    0x000013a4   0x000013a4   0x000000ac   Code   RO           36    .text.app_create_thread_entry  app_create_thread_entry.o
    0x00001450   0x00001450   0x00000012   Code   RO          804    .text.app_create_thread_func  app_create_thread.o
    0x00001462   0x00001462   0x00000002   PAD
    0x00001464   0x00001464   0x00000042   Code   RO          180    .text.app_led_thread_entry  app_led_thread.o
    0x000014a6   0x000014a6   0x00000002   PAD
    0x000014a8   0x000014a8   0x0000014c   Code   RO          566    .text.bsp_clock_init  bsp_clocks.o
    0x000015f4   0x000015f4   0x00000002   Code   RO          588    .text.bsp_init_internal  bsp_common.o
    0x000015f6   0x000015f6   0x00000002   PAD
    0x000015f8   0x000015f8   0x00000028   Code   RO          637    .text.bsp_irq_cfg   bsp_irq.o
    0x00001620   0x00001620   0x00000008   Code   RO          607    .text.bsp_prv_software_delay_loop  bsp_delay.o
    0x00001628   0x00001628   0x000000d8   Code   RO          713    .text.bsp_vbatt_init  r_ioport.o
    0x00001700   0x00001700   0x00000042   Code   RO          172    .text.debug_init    debug_1.o
    0x00001742   0x00001742   0x0000002c   Code   RO           47    .text.debug_uart9_callback  bsp_uart_1.o
    0x0000176e   0x0000176e   0x00000002   PAD
    0x00001770   0x00001770   0x000000da   Code   RO          104    .text.elog_get_filter_tag_lvl  elog_1.o
    0x0000184a   0x0000184a   0x00000044   Code   RO           68    .text.elog_init     elog_1.o
    0x0000188e   0x0000188e   0x00000002   PAD
    0x00001890   0x00001890   0x0000043c   Code   RO           82    .text.elog_output   elog_1.o
    0x00001ccc   0x00001ccc   0x00000028   Code   RO           70    .text.elog_output_lock_enabled  elog_1.o
    0x00001cf4   0x00001cf4   0x0000000a   Code   RO          159    .text.elog_port_get_p_info  elog_port_1.o
    0x00001cfe   0x00001cfe   0x0000000a   Code   RO          161    .text.elog_port_get_t_info  elog_port_1.o
    0x00001d08   0x00001d08   0x0000000a   Code   RO          157    .text.elog_port_get_time  elog_port_1.o
    0x00001d12   0x00001d12   0x00000004   Code   RO          147    .text.elog_port_init  elog_port_1.o
    0x00001d16   0x00001d16   0x00000002   PAD
    0x00001d18   0x00001d18   0x00000010   Code   RO          151    .text.elog_port_output  elog_port_1.o
    0x00001d28   0x00001d28   0x00000004   Code   RO          153    .text.elog_port_output_lock  elog_port_1.o
    0x00001d2c   0x00001d2c   0x00000004   Code   RO          155    .text.elog_port_output_unlock  elog_port_1.o
    0x00001d30   0x00001d30   0x00000082   Code   RO           90    .text.elog_set_fmt  elog_1.o
    0x00001db2   0x00001db2   0x00000002   PAD
    0x00001db4   0x00001db4   0x00000080   Code   RO           78    .text.elog_start    elog_1.o
    0x00001e34   0x00001e34   0x000000fa   Code   RO          132    .text.elog_strcpy   elog_utils_1.o
    0x00001f2e   0x00001f2e   0x00000002   PAD
    0x00001f30   0x00001f30   0x00000028   Code   RO           49    .text.fputc         bsp_uart_1.o
    0x00001f58   0x00001f58   0x00000002   Code   RO          816    .text.g_common_init  common_data.o
    0x00001f5a   0x00001f5a   0x00000004   Code   RO          826    .text.g_hal_init    hal_data.o
    0x00001f5e   0x00001f5e   0x00000002   PAD
    0x00001f60   0x00001f60   0x00000086   Code   RO          108    .text.get_fmt_enabled  elog_1.o
    0x00001fe6   0x00001fe6   0x0000004a   Code   RO          843    .text.main          main.o
    0x00002030   0x00002030   0x0000009a   Code   RO          405    .text.prvAddCurrentTaskToDelayedList  tasks.o
    0x000020ca   0x000020ca   0x00000002   PAD
    0x000020cc   0x000020cc   0x0000012a   Code   RO          393    .text.prvAddNewTaskToReadyList  tasks.o
    0x000021f6   0x000021f6   0x00000078   Code   RO          288    .text.prvCopyDataToQueue  queue.o
    0x0000226e   0x0000226e   0x00000002   PAD
    0x00002270   0x00002270   0x0000006c   Code   RO          399    .text.prvDeleteTCB  tasks.o
    0x000022dc   0x000022dc   0x0000006c   Code   RO          427    .text.prvIdleTask   tasks.o
    0x00002348   0x00002348   0x0000009c   Code   RO          391    .text.prvInitialiseNewTask  tasks.o
    0x000023e4   0x000023e4   0x00000052   Code   RO          240    .text.prvInsertBlockIntoFreeList  heap_4.o
    0x00002436   0x00002436   0x00000002   PAD
    0x00002438   0x00002438   0x00000006   Code   RO          777    .text.prvTaskExitError  port.o
    0x0000243e   0x0000243e   0x00000002   PAD
    0x00002440   0x00002440   0x00000072   Code   RO          290    .text.prvUnlockQueue  queue.o
    0x000024b2   0x000024b2   0x00000002   PAD
    0x000024b4   0x000024b4   0x000001b4   Code   RO          238    .text.pvPortMalloc  heap_4.o
    0x00002668   0x00002668   0x00000018   Code   RO          477    .text.pvTaskIncrementMutexHeldCount  tasks.o
    0x00002680   0x00002680   0x00000024   Code   RO          775    .text.pxPortInitialiseStack  port.o
    0x000026a4   0x000026a4   0x000000be   Code   RO          711    .text.r_ioport_pins_config  r_ioport.o
    0x00002762   0x00002762   0x00000040   Code   RO          746    .text.r_sci_uart_call_callback  r_sci_uart.o
    0x000027a2   0x000027a2   0x00000002   PAD
    0x000027a4   0x000027a4   0x00000020   Code   RO          769    .text.rm_freertos_port_restore_task_stackless  port.o
    0x000027c4   0x000027c4   0x00000062   Code   RO          841    .text.rtos_startup_common_init  main.o
    0x00002826   0x00002826   0x00000004   Code   RO          839    .text.rtos_startup_err_callback_internal  main.o
    0x0000282a   0x0000282a   0x0000006c   Code   RO          752    .text.sci_uart_eri_isr  r_sci_uart.o
    0x00002896   0x00002896   0x0000008a   Code   RO          748    .text.sci_uart_rxi_isr  r_sci_uart.o
    0x00002920   0x00002920   0x0000004a   Code   RO          750    .text.sci_uart_tei_isr  r_sci_uart.o
    0x0000296a   0x0000296a   0x00000088   Code   RO          744    .text.sci_uart_txi_isr  r_sci_uart.o
    0x000029f2   0x000029f2   0x00000022   Code   RO          228    .text.uxListRemove  list.o
    0x00002a14   0x00002a14   0x0000001a   Code   RO          845    .text.vApplicationGetIdleTaskMemory  main.o
    0x00002a2e   0x00002a2e   0x00000016   Code   RO          220    .text.vListInitialise  list.o
    0x00002a44   0x00002a44   0x00000006   Code   RO          222    .text.vListInitialiseItem  list.o
    0x00002a4a   0x00002a4a   0x00000002   PAD
    0x00002a4c   0x00002a4c   0x0000003a   Code   RO          226    .text.vListInsert   list.o
    0x00002a86   0x00002a86   0x0000001a   Code   RO          224    .text.vListInsertEnd  list.o
    0x00002aa0   0x00002aa0   0x0000004c   Code   RO          785    .text.vPortEnterCritical  port.o
    0x00002aec   0x00002aec   0x0000004c   Code   RO          787    .text.vPortExitCritical  port.o
    0x00002b38   0x00002b38   0x000000a8   Code   RO          242    .text.vPortFree     heap_4.o
    0x00002be0   0x00002be0   0x0000003c   Code   RO          773    .text.vPortSVCHandler_C  port.o
    0x00002c1c   0x00002c1c   0x00000046   Code   RO          781    .text.vPortSetupTimerInterrupt  port.o
    0x00002c62   0x00002c62   0x00000054   Code   RO          409    .text.vTaskDelay    tasks.o
    0x00002cb6   0x00002cb6   0x000000ec   Code   RO          397    .text.vTaskDelete   tasks.o
    0x00002da2   0x00002da2   0x0000001a   Code   RO          455    .text.vTaskInternalSetTimeOutState  tasks.o
    0x00002dbc   0x00002dbc   0x0000000e   Code   RO          459    .text.vTaskMissedYield  tasks.o
    0x00002dca   0x00002dca   0x0000003a   Code   RO          445    .text.vTaskPlaceOnEventList  tasks.o
    0x00002e04   0x00002e04   0x000000d0   Code   RO          473    .text.vTaskPriorityDisinheritAfterTimeout  tasks.o
    0x00002ed4   0x00002ed4   0x00000080   Code   RO          425    .text.vTaskStartScheduler  tasks.o
    0x00002f54   0x00002f54   0x00000010   Code   RO          403    .text.vTaskSuspendAll  tasks.o
    0x00002f64   0x00002f64   0x0000009c   Code   RO          419    .text.vTaskSwitchContext  tasks.o
    0x00003000   0x00003000   0x0000003c   Code   RO          779    .text.xPortStartScheduler  port.o
    0x0000303c   0x0000303c   0x00000040   Code   RO          282    .text.xQueueCreateCountingSemaphoreStatic  queue.o
    0x0000307c   0x0000307c   0x000000a8   Code   RO          272    .text.xQueueGenericCreateStatic  queue.o
    0x00003124   0x00003124   0x000000cc   Code   RO          270    .text.xQueueGenericReset  queue.o
    0x000031f0   0x000031f0   0x000001a8   Code   RO          286    .text.xQueueGenericSend  queue.o
    0x00003398   0x00003398   0x000001ba   Code   RO          298    .text.xQueueSemaphoreTake  queue.o
    0x00003552   0x00003552   0x00000002   PAD
    0x00003554   0x00003554   0x0000009c   Code   RO          457    .text.xTaskCheckForTimeOut  tasks.o
    0x000035f0   0x000035f0   0x0000005a   Code   RO          395    .text.xTaskCreate   tasks.o
    0x0000364a   0x0000364a   0x00000002   PAD
    0x0000364c   0x0000364c   0x000000dc   Code   RO          389    .text.xTaskCreateStatic  tasks.o
    0x00003728   0x00003728   0x00000024   Code   RO          467    .text.xTaskGetSchedulerState  tasks.o
    0x0000374c   0x0000374c   0x000001a8   Code   RO          431    .text.xTaskIncrementTick  tasks.o
    0x000038f4   0x000038f4   0x000000c0   Code   RO          471    .text.xTaskPriorityDisinherit  tasks.o
    0x000039b4   0x000039b4   0x000000a0   Code   RO          469    .text.xTaskPriorityInherit  tasks.o
    0x00003a54   0x00003a54   0x000000f2   Code   RO          449    .text.xTaskRemoveFromEventList  tasks.o
    0x00003b46   0x00003b46   0x00000002   PAD
    0x00003b48   0x00003b48   0x0000017e   Code   RO          407    .text.xTaskResumeAll  tasks.o
    0x00003cc6   0x00003cc6   0x00000002   PAD
    0x00003cc8   0x00003cc8   0x00000020   Code   RO         1132    i.__0printf         mc_w.l(printfa.o)
    0x00003ce8   0x00003ce8   0x00000034   Code   RO         1133    i.__0snprintf       mc_w.l(printfa.o)
    0x00003d1c   0x00003d1c   0x00000034   Code   RO         1137    i.__0vsnprintf      mc_w.l(printfa.o)
    0x00003d50   0x00003d50   0x00000184   Code   RO         1139    i._fp_digits        mc_w.l(printfa.o)
    0x00003ed4   0x00003ed4   0x000006dc   Code   RO         1140    i._printf_core      mc_w.l(printfa.o)
    0x000045b0   0x000045b0   0x00000024   Code   RO         1141    i._printf_post_padding  mc_w.l(printfa.o)
    0x000045d4   0x000045d4   0x0000002e   Code   RO         1142    i._printf_pre_padding  mc_w.l(printfa.o)
    0x00004602   0x00004602   0x00000016   Code   RO         1143    i._snputc           mc_w.l(printfa.o)
    0x00004618   0x00004618   0x00000004   Data   RO          806    .rodata.app_create_thread_parameters  app_create_thread.o
    0x0000461c   0x0000461c   0x00000018   Data   RO          122    .rodata.color_output_info  elog_1.o
    0x00004634   0x00004634   0x00000008   Data   RO          653    .rodata.cst8        bsp_register_protection.o
    0x0000463c   0x0000463c   0x0000000c   Data   RO          867    .rodata.g_bsp_pin_cfg  pin_data.o
    0x00004648   0x00004648   0x00000030   Data   RO          866    .rodata.g_bsp_pin_cfg_data  pin_data.o
    0x00004678   0x00004678   0x00000180   Data   RO          874    .rodata.g_interrupt_event_link_select  vector_data.o
    0x000047f8   0x000047f8   0x0000000c   Data   RO          819    .rodata.g_ioport    common_data.o
    0x00004804   0x00004804   0x00000034   Data   RO          715    .rodata.g_ioport_on_ioport  r_ioport.o
    0x00004838   0x00004838   0x00000044   Data   RO          830    .rodata.g_uart9_cfg  hal_data.o
    0x0000487c   0x0000487c   0x0000002c   Data   RO          829    .rodata.g_uart9_cfg_extend  hal_data.o
    0x000048a8   0x000048a8   0x00000018   Data   RO          123    .rodata.level_output_info  elog_1.o
    0x000048c0   0x000048c0   0x000002d1   Data   RO          119    .rodata.str1.1      elog_1.o
    0x00004b91   0x00004b91   0x00000050   Data   RO          138    .rodata.str1.1      elog_utils_1.o
    0x00004be1   0x00004be1   0x000000e4   Data   RO          257    .rodata.str1.1      heap_4.o
    0x00004cc5   0x00004cc5   0x00000293   Data   RO          328    .rodata.str1.1      queue.o
    0x00004f58   0x00004f58   0x00000214   Data   RO          495    .rodata.str1.1      tasks.o
    0x0000516c   0x0000516c   0x000000a0   Data   RO          791    .rodata.str1.1      port.o
    0x0000520c   0x0000520c   0x00000004   Data   RO          494    .rodata.uxTopUsedPriority  tasks.o
    0x00005210   0x00005210   0x00000004   Data   RO          594    .version            bsp_common.o
    0x00005214   0x00005214   0x00000006   Data   RO          595    .version            bsp_common.o
    0x0000521a   0x0000521a   0x00000044   Data   RO          596    .version            bsp_common.o


    Execution Region __tz_RAM_S (Exec base: 0x1ffe0000, Load base: 0x00005260, Size: 0x00000000, Max: 0x00000000, ABSOLUTE)

    Exec Addr    Load Addr    Size         Type   Attr      Idx    E Section Name        Object

    0x1ffe0000        -       0x00000000   Zero   RW            3    __tz_RAM_S.bss      anon$$obj.o


    Execution Region DTC_VECTOR_TABLE (Exec base: 0x1ffe0000, Load base: 0x00005260, Size: 0x00000000, Max: 0x000a0000, ABSOLUTE, UNINIT)

    **** No section assigned to this execution region ****


    Execution Region DATA (Exec base: 0x1ffe0000, Load base: 0x00005260, Size: 0x00000008, Max: 0xffffffff, ABSOLUTE)

    Exec Addr    Load Addr    Size         Type   Attr      Idx    E Section Name        Object

    0x1ffe0000   0x00005260   0x00000004   Data   RW         1160    .data               mc_w.l(stdout.o)
    0x1ffe0004   0x00005264   0x00000004   Data   RW          828    .data.g_uart9_baud_setting  hal_data.o


    Execution Region BSS (Exec base: 0x1ffe0008, Load base: 0x00005268, Size: 0x00005bbc, Max: 0xffffffff, ABSOLUTE)

    Exec Addr    Load Addr    Size         Type   Attr      Idx    E Section Name        Object

    0x1ffe0008        -       0x00000004   Zero   RW          543    .bss.SystemCoreClock  system.o
    0x1ffe000c        -       0x00000004   Zero   RW          807    .bss.app_create_thread  app_create_thread.o
    0x1ffe0010        -       0x000000f8   Zero   RW          118    .bss.elog           elog_1.o
    0x1ffe0108        -       0x00000004   Zero   RW          120    .bss.elog_assert_hook  elog_1.o
    0x1ffe010c        -       0x00000034   Zero   RW          621    .bss.g_bsp_group_irq_sources  bsp_group_irq.o
    0x1ffe0140        -       0x00000001   Zero   RW          850    .bss.g_fsp_common_initialized  main.o
    0x1ffe0141   0x00005268   0x00000003   PAD
    0x1ffe0144        -       0x00000004   Zero   RW          849    .bss.g_fsp_common_initialized_semaphore  main.o
    0x1ffe0148        -       0x00000048   Zero   RW          852    .bss.g_fsp_common_initialized_semaphore_memory  main.o
    0x1ffe0190        -       0x00000004   Zero   RW          851    .bss.g_fsp_common_thread_count  main.o
    0x1ffe0194        -       0x00000008   Zero   RW          818    .bss.g_ioport_ctrl  common_data.o
    0x1ffe019c        -       0x00000004   Zero   RW          793    .bss.g_mask_level_before_disable  port.o
    0x1ffe01a0        -       0x00000008   Zero   RW          652    .bss.g_protect_counters  bsp_register_protection.o
    0x1ffe01a8        -       0x00000004   Zero   RW          631    .bss.g_protect_pfswe_counter  bsp_io.o
    0x1ffe01ac        -       0x00000030   Zero   RW          831    .bss.g_uart9_ctrl   hal_data.o
    0x1ffe01dc        -       0x00000180   Zero   RW          640    .bss.gp_renesas_isr_context  bsp_irq.o
    0x1ffe035c        -       0x00000400   Zero   RW          121    .bss.log_buf        elog_1.o
    0x1ffe075c        -       0x00000004   Zero   RW          493    .bss.pxCurrentTCB   tasks.o
    0x1ffe0760        -       0x00000004   Zero   RW          511    .bss.pxDelayedTaskList  tasks.o
    0x1ffe0764        -       0x00000004   Zero   RW          254    .bss.pxEnd          heap_4.o
    0x1ffe0768        -       0x00000004   Zero   RW          512    .bss.pxOverflowDelayedTaskList  tasks.o
    0x1ffe076c        -       0x0000012c   Zero   RW          503    .bss.pxReadyTasksLists  tasks.o
    0x1ffe0898        -       0x00000001   Zero   RW           51    .bss.uart_send_complete_flag  bsp_uart_1.o
    0x1ffe0899        -       0x00005000   Zero   RW          261    .bss.ucHeap         heap_4.o
    0x1ffe5899   0x00005268   0x00000003   PAD
    0x1ffe589c        -       0x00000004   Zero   RW          792    .bss.uxCriticalNesting  port.o
    0x1ffe58a0        -       0x00000004   Zero   RW          499    .bss.uxCurrentNumberOfTasks  tasks.o
    0x1ffe58a4        -       0x00000004   Zero   RW          498    .bss.uxDeletedTasksWaitingCleanUp  tasks.o
    0x1ffe58a8        -       0x00000004   Zero   RW          501    .bss.uxSchedulerSuspended  tasks.o
    0x1ffe58ac        -       0x00000004   Zero   RW          496    .bss.uxTaskNumber   tasks.o
    0x1ffe58b0        -       0x00000004   Zero   RW          504    .bss.uxTopReadyPriority  tasks.o
    0x1ffe58b4        -       0x00000200   Zero   RW          854    .bss.vApplicationGetIdleTaskMemory.uxIdleTaskStack  main.o
    0x1ffe5ab4        -       0x00000078   Zero   RW          853    .bss.vApplicationGetIdleTaskMemory.xIdleTaskTCB  main.o
    0x1ffe5b2c        -       0x00000014   Zero   RW          514    .bss.xDelayedTaskList1  tasks.o
    0x1ffe5b40        -       0x00000014   Zero   RW          515    .bss.xDelayedTaskList2  tasks.o
    0x1ffe5b54        -       0x00000004   Zero   RW          255    .bss.xFreeBytesRemaining  heap_4.o
    0x1ffe5b58        -       0x00000004   Zero   RW          508    .bss.xIdleTaskHandle  tasks.o
    0x1ffe5b5c        -       0x00000004   Zero   RW          258    .bss.xMinimumEverFreeBytesRemaining  heap_4.o
    0x1ffe5b60        -       0x00000004   Zero   RW          509    .bss.xNextTaskUnblockTime  tasks.o
    0x1ffe5b64        -       0x00000004   Zero   RW          513    .bss.xNumOfOverflows  tasks.o
    0x1ffe5b68        -       0x00000004   Zero   RW          259    .bss.xNumberOfSuccessfulAllocations  heap_4.o
    0x1ffe5b6c        -       0x00000004   Zero   RW          260    .bss.xNumberOfSuccessfulFrees  heap_4.o
    0x1ffe5b70        -       0x00000004   Zero   RW          510    .bss.xPendedTicks   tasks.o
    0x1ffe5b74        -       0x00000014   Zero   RW          507    .bss.xPendingReadyList  tasks.o
    0x1ffe5b88        -       0x00000004   Zero   RW          500    .bss.xSchedulerRunning  tasks.o
    0x1ffe5b8c        -       0x00000008   Zero   RW          256    .bss.xStart         heap_4.o
    0x1ffe5b94        -       0x00000014   Zero   RW          505    .bss.xSuspendedTaskList  tasks.o
    0x1ffe5ba8        -       0x00000014   Zero   RW          497    .bss.xTasksWaitingTermination  tasks.o
    0x1ffe5bbc        -       0x00000004   Zero   RW          502    .bss.xTickCount     tasks.o
    0x1ffe5bc0        -       0x00000004   Zero   RW          506    .bss.xYieldPending  tasks.o


    Execution Region NOINIT (Exec base: 0x1ffe5bc4, Load base: 0x00005268, Size: 0x00000018, Max: 0xffffffff, ABSOLUTE, UNINIT)

    Exec Addr    Load Addr    Size         Type   Attr      Idx    E Section Name        Object

    0x1ffe5bc4        -       0x00000018   Zero   RW          578    .bss.noinit         bsp_clocks.o


    Execution Region ARM_LIB_HEAP (Exec base: 0x1ffe5be0, Load base: 0x00005268, Size: 0x00001000, Max: 0xffffffff, ABSOLUTE, UNINIT)

    Exec Addr    Load Addr    Size         Type   Attr      Idx    E Section Name        Object

    0x1ffe5be0        -       0x00001000   Zero   RW          531    .bss.heap           startup.o


    Execution Region ARM_LIB_STACK (Exec base: 0x1ffe6be0, Load base: 0x00005268, Size: 0x00000000, Max: 0x00000000, ABSOLUTE, UNINIT)

    Exec Addr    Load Addr    Size         Type   Attr      Idx    E Section Name        Object

    0x1ffe6be0        -       0x00000000   Zero   RW            4    ARM_LIB_STACK.bss   anon$$obj.o


    Execution Region STACK (Exec base: 0x1ffe6be0, Load base: 0x00005268, Size: 0x00000400, Max: 0xffffffff, ABSOLUTE, UNINIT)

    Exec Addr    Load Addr    Size         Type   Attr      Idx    E Section Name        Object

    0x1ffe6be0        -       0x00000400   Zero   RW          529    .bss.stack          startup.o


    Execution Region RAM_END (Exec base: 0x1ffe6fe0, Load base: 0x00005268, Size: 0x00000004, Max: 0x00000004, ABSOLUTE)

    Exec Addr    Load Addr    Size         Type   Attr      Idx    E Section Name        Object

    0x1ffe6fe0        -       0x00000004   Zero   RW            5    RAM_END.bss         anon$$obj.o


    Execution Region __tz_RAM_C (Exec base: 0x20080000, Load base: 0x00005268, Size: 0x00000000, Max: 0x00000000, ABSOLUTE)

    Exec Addr    Load Addr    Size         Type   Attr      Idx    E Section Name        Object

    0x20080000        -       0x00000000   Zero   RW            6    __tz_RAM_C.bss      anon$$obj.o


    Execution Region __tz_RAM_N (Exec base: 0x20080000, Load base: 0x00005268, Size: 0x00000000, Max: 0x00000000, ABSOLUTE)

    Exec Addr    Load Addr    Size         Type   Attr      Idx    E Section Name        Object

    0x20080000        -       0x00000000   Zero   RW            7    __tz_RAM_N.bss      anon$$obj.o


    Execution Region RAM_LIMIT (Exec base: 0x20080000, Load base: 0x00005268, Size: 0x00000004, Max: 0x00000004, ABSOLUTE)

    Exec Addr    Load Addr    Size         Type   Attr      Idx    E Section Name        Object

    0x20080000        -       0x00000004   Zero   RW            8    RAM_LIMIT.bss       anon$$obj.o


    Execution Region OSPI_DEVICE_0_NO_LOAD (Exec base: 0x80020000, Load base: 0x00005268, Size: 0x00000000, Max: 0xffffffff, ABSOLUTE, UNINIT)

    **** No section assigned to this execution region ****


    Execution Region OSPI_DEVICE_1_NO_LOAD (Exec base: 0x80030000, Load base: 0x00005268, Size: 0x00000000, Max: 0xffffffff, ABSOLUTE, UNINIT)

    **** No section assigned to this execution region ****



  Load Region LOAD_REGION_NSC_FLASH (Base: 0x0000c400, Size: 0x00000000, Max: 0xffffffff, ABSOLUTE)

    Execution Region __tz_FLASH_C (Exec base: 0x0000c400, Load base: 0x0000c400, Size: 0x00000000, Max: 0x00000000, ABSOLUTE)

    Exec Addr    Load Addr    Size         Type   Attr      Idx    E Section Name        Object

    0x0000c400        -       0x00000000   Zero   RW            9    __tz_FLASH_C.bss    anon$$obj.o


    Execution Region EXEC_NSCR (Exec base: 0x0000c400, Load base: 0x0000c400, Size: 0x00000000, Max: 0xffffffff, ABSOLUTE, FIXED)

    **** No section assigned to this execution region ****


    Execution Region __tz_FLASH_N (Exec base: 0x00010000, Load base: 0x0000c400, Size: 0x00000000, Max: 0x00000000, ABSOLUTE)

    Exec Addr    Load Addr    Size         Type   Attr      Idx    E Section Name        Object

    0x00010000        -       0x00000000   Zero   RW           10    __tz_FLASH_N.bss    anon$$obj.o



  Load Region LOAD_REGION_ID_CODE (Base: 0x0100a150, Size: 0x00000010, Max: 0x00000010, ABSOLUTE)

    Execution Region __tz_ID_CODE_S (Exec base: 0x0100a150, Load base: 0x0100a150, Size: 0x00000000, Max: 0x00000000, ABSOLUTE)

    Exec Addr    Load Addr    Size         Type   Attr      Idx    E Section Name        Object

    0x0100a150        -       0x00000000   Zero   RW           11    __tz_ID_CODE_S.bss  anon$$obj.o


    Execution Region __tz_ID_CODE_N (Exec base: 0x0100a150, Load base: 0x0100a150, Size: 0x00000000, Max: 0x00000000, ABSOLUTE)

    Exec Addr    Load Addr    Size         Type   Attr      Idx    E Section Name        Object

    0x0100a150        -       0x00000000   Zero   RW           12    __tz_ID_CODE_N.bss  anon$$obj.o


    Execution Region ID_CODE (Exec base: 0x0100a150, Load base: 0x0100a150, Size: 0x00000010, Max: 0xffffffff, ABSOLUTE, FIXED)

    Exec Addr    Load Addr    Size         Type   Attr      Idx    E Section Name        Object

    0x0100a150   0x0100a150   0x00000010   Data   RO          662    .id_code            bsp_rom_registers.o



  Load Region LOAD_REGION_DATA_FLASH (Base: 0x40100000, Size: 0x00000000, Max: 0x00010000, ABSOLUTE)

    Execution Region __tz_DATA_FLASH_S (Exec base: 0x40100000, Load base: 0x40100000, Size: 0x00000000, Max: 0x00000000, ABSOLUTE)

    Exec Addr    Load Addr    Size         Type   Attr      Idx    E Section Name        Object

    0x40100000        -       0x00000000   Zero   RW           13    __tz_DATA_FLASH_S.bss  anon$$obj.o


    Execution Region DATA_FLASH (Exec base: 0x40100000, Load base: 0x40100000, Size: 0x00000000, Max: 0xffffffff, ABSOLUTE)

    **** No section assigned to this execution region ****


    Execution Region __tz_DATA_FLASH_N (Exec base: 0x40100000, Load base: 0x40100000, Size: 0x00000000, Max: 0x00000000, ABSOLUTE)

    Exec Addr    Load Addr    Size         Type   Attr      Idx    E Section Name        Object

    0x40100000        -       0x00000000   Zero   RW           14    __tz_DATA_FLASH_N.bss  anon$$obj.o



  Load Region LOAD_REGION_QSPI_FLASH (Base: 0x60000000, Size: 0x00000000, Max: 0x04000000, ABSOLUTE)

    Execution Region __tz_QSPI_FLASH_S (Exec base: 0x60000000, Load base: 0x60000000, Size: 0x00000000, Max: 0x00000000, ABSOLUTE)

    Exec Addr    Load Addr    Size         Type   Attr      Idx    E Section Name        Object

    0x60000000        -       0x00000000   Zero   RW           15    __tz_QSPI_FLASH_S.bss  anon$$obj.o


    Execution Region QSPI_FLASH (Exec base: 0x60000000, Load base: 0x60000000, Size: 0x00000000, Max: 0xffffffff, ABSOLUTE, FIXED)

    **** No section assigned to this execution region ****


    Execution Region __tz_QSPI_FLASH_N (Exec base: 0x60000000, Load base: 0x60000000, Size: 0x00000000, Max: 0x00000000, ABSOLUTE)

    Exec Addr    Load Addr    Size         Type   Attr      Idx    E Section Name        Object

    0x60000000        -       0x00000000   Zero   RW           16    __tz_QSPI_FLASH_N.bss  anon$$obj.o



  Load Region LOAD_REGION_OSPI_DEVICE_0 (Base: 0x80020000, Size: 0x00000000, Max: 0x00000000, ABSOLUTE)

    Execution Region __tz_OSPI_DEVICE_0_S (Exec base: 0x80020000, Load base: 0x80020000, Size: 0x00000000, Max: 0x00000000, ABSOLUTE)

    Exec Addr    Load Addr    Size         Type   Attr      Idx    E Section Name        Object

    0x80020000        -       0x00000000   Zero   RW           17    __tz_OSPI_DEVICE_0_S.bss  anon$$obj.o


    Execution Region OSPI_DEVICE_0 (Exec base: 0x80020000, Load base: 0x80020000, Size: 0x00000000, Max: 0xffffffff, ABSOLUTE, FIXED)

    **** No section assigned to this execution region ****


    Execution Region __tz_OSPI_DEVICE_0_N (Exec base: 0x80020000, Load base: 0x80020000, Size: 0x00000000, Max: 0x00000000, ABSOLUTE)

    Exec Addr    Load Addr    Size         Type   Attr      Idx    E Section Name        Object

    0x80020000        -       0x00000000   Zero   RW           18    __tz_OSPI_DEVICE_0_N.bss  anon$$obj.o



  Load Region LOAD_REGION_OSPI_DEVICE_1 (Base: 0x80030000, Size: 0x00000000, Max: 0x00000000, ABSOLUTE)

    Execution Region __tz_OSPI_DEVICE_1_S (Exec base: 0x80030000, Load base: 0x80030000, Size: 0x00000000, Max: 0x00000000, ABSOLUTE)

    Exec Addr    Load Addr    Size         Type   Attr      Idx    E Section Name        Object

    0x80030000        -       0x00000000   Zero   RW           19    __tz_OSPI_DEVICE_1_S.bss  anon$$obj.o


    Execution Region OSPI_DEVICE_1 (Exec base: 0x80030000, Load base: 0x80030000, Size: 0x00000000, Max: 0xffffffff, ABSOLUTE, FIXED)

    **** No section assigned to this execution region ****


    Execution Region __tz_OSPI_DEVICE_1_N (Exec base: 0x80030000, Load base: 0x80030000, Size: 0x00000000, Max: 0x00000000, ABSOLUTE)

    Exec Addr    Load Addr    Size         Type   Attr      Idx    E Section Name        Object

    0x80030000        -       0x00000000   Zero   RW           20    __tz_OSPI_DEVICE_1_N.bss  anon$$obj.o



  Load Region LOAD_REGION_SDRAM (Base: 0x90000000, Size: 0x00000000, Max: 0x08000000, ABSOLUTE)

    Execution Region __tz_SDRAM_S (Exec base: 0x90000000, Load base: 0x90000000, Size: 0x00000000, Max: 0x00000000, ABSOLUTE)

    Exec Addr    Load Addr    Size         Type   Attr      Idx    E Section Name        Object

    0x90000000        -       0x00000000   Zero   RW           21    __tz_SDRAM_S.bss    anon$$obj.o


    Execution Region SDRAM (Exec base: 0x90000000, Load base: 0x90000000, Size: 0x00000000, Max: 0xffffffff, ABSOLUTE, FIXED)

    **** No section assigned to this execution region ****


    Execution Region __tz_SDRAM_N (Exec base: 0x90000000, Load base: 0x90000000, Size: 0x00000000, Max: 0x00000000, ABSOLUTE)

    Exec Addr    Load Addr    Size         Type   Attr      Idx    E Section Name        Object

    0x90000000        -       0x00000000   Zero   RW           22    __tz_SDRAM_N.bss    anon$$obj.o


==============================================================================

Image component sizes


      Code (inc. data)   RO Data    RW Data    ZI Data      Debug   Object Name

       118         20          4          0          4       1616   app_create_thread.o
       172        104          0          0          0       1016   app_create_thread_entry.o
        66          0          0          0          0      15840   app_led_thread.o
       500          0          0          0         24      34456   bsp_clocks.o
         8          0         78          0          0       9924   bsp_common.o
        90          0          0          0          0       1760   bsp_delay.o
        68          0          0          0         52      14015   bsp_group_irq.o
         0          0          0          0          4        581   bsp_io.o
        40          0          0          0        384      15700   bsp_irq.o
        22          0          0          0          0      16327   bsp_led_1.o
       160          0          8          0          8      21888   bsp_register_protection.o
         0          0         76          0          0        707   bsp_rom_registers.o
       160         40          0          0          1      11917   bsp_uart_1.o
         2          0         12          0          8      17726   common_data.o
        66          0          0          0          0        716   debug_1.o
      1802         84        769          0       1276      13239   elog_1.o
        58          8          0          0          0       1775   elog_port_1.o
       250          0         80          0          0       2473   elog_utils_1.o
         4          0        112          4         48      30980   hal_data.o
        26          0          0          0          0      16716   hal_entry.o
       686        144        228          0      20508       5276   heap_4.o
       146          0          0          0          0       2276   list.o
       202          0          0          0        713       3461   main.o
         0          0         60          0          0       8086   pin_data.o
       538         52        160          0          8       6801   port.o
      1536         80        659          0          0      22037   queue.o
       976         12         52          0          0      57108   r_ioport.o
      1374          0          0          0          0      71232   r_sci_uart.o
        14          0         64          0       5120       1043   startup.o
       208          0          0          0          4       6632   system.o
      3676        228        536          0        460      30346   tasks.o
         0          0        768          0          0      11642   vector_data.o

    ----------------------------------------------------------------------
     13016        772       3668          4      29212     455312   Object Totals
         0          0          0          0        584          0   (incl. Generated)
        48          0          2          0          6          0   (incl. Padding)

    ----------------------------------------------------------------------

      Code (inc. data)   RO Data    RW Data    ZI Data      Debug   Library Member Name

         0          0          0          0          0          0   iusefp.o
        30          0          0          0          0         68   llshl.o
        36          0          0          0          0         68   llsshr.o
        32          0          0          0          0         68   llushr.o
        36          0          0          0          0         68   memcpya.o
        36          0          0          0          0        108   memseta.o
      2384        100          0          0          0        688   printfa.o
         0          0          0          4          0          0   stdout.o
        14          0          0          0          0         68   strlen.o
        30          0          0          0          0         80   strncmp.o
        36          0          0          0          0         80   strstr.o
        44          0          0          0          0         80   uidiv.o
        98          0          0          0          0         92   uldiv.o
        48          0          0          0          0         68   cdrcmple.o
       334          0          0          0          0        148   dadd.o
       222          0          0          0          0        100   ddiv.o
       186          0          0          0          0        176   depilogue.o
        48          0          0          0          0         68   dfixul.o
       228          0          0          0          0         96   dmul.o

    ----------------------------------------------------------------------
      3844        100          0          4          0       2124   Library Totals
         2          0          0          0          0          0   (incl. Padding)

    ----------------------------------------------------------------------

      Code (inc. data)   RO Data    RW Data    ZI Data      Debug   Library Name

      2776        100          0          4          0       1468   mc_w.l
      1066          0          0          0          0        656   mf_w.l

    ----------------------------------------------------------------------
      3844        100          0          4          0       2124   Library Totals

    ----------------------------------------------------------------------

==============================================================================


      Code (inc. data)   RO Data    RW Data    ZI Data      Debug   

     16860        872       3668          8      29212     455804   Grand Totals
     16860        872       3668          8      29212     455804   ELF Image Totals
     16860        872       3668          8          0          0   ROM Totals

==============================================================================

    Total RO  Size (Code + RO Data)                20528 (  20.05kB)
    Total RW  Size (RW Data + ZI Data)             29220 (  28.54kB)
    Total ROM Size (Code + RO Data + RW Data)      20536 (  20.05kB)

==============================================================================

